 
****************************************
Report : timing
        -path full
        -delay min
        -max_paths 10
Design : i2c_master_top
Version: O-2018.06-SP1
Date   : Wed Aug 19 05:10:29 2026
****************************************

Operating Conditions: WORST   Library: saed90nm_max
Wire Load Model Mode: enclosed

  Startpoint: byte_controller/bit_controller/cSDA_reg[0]
              (rising edge-triggered flip-flop clocked by wb_clk_i)
  Endpoint: byte_controller/bit_controller/cSDA_reg[1]
            (rising edge-triggered flip-flop clocked by wb_clk_i)
  Path Group: wb_clk_i
  Path Type: min

  Des/Clust/Port     Wire Load Model       Library
  ------------------------------------------------
  i2c_master_top     16000                 saed90nm_max
  i2c_master_bit_ctrl
                     8000                  saed90nm_max

  Point                                                   Incr       Path
  --------------------------------------------------------------------------
  clock wb_clk_i (rise edge)                              0.00       0.00
  clock network delay (ideal)                             0.00       0.00
  byte_controller/bit_controller/cSDA_reg[0]/CLK (DFFARX1)
                                                          0.00       0.00 r
  byte_controller/bit_controller/cSDA_reg[0]/QN (DFFARX1)
                                                          0.45       0.45 r
  byte_controller/bit_controller/U112/QN (NOR2X0)         0.17       0.62 f
  byte_controller/bit_controller/cSDA_reg[1]/D (DFFARX1)
                                                          0.03       0.66 f
  data arrival time                                                  0.66

  clock wb_clk_i (rise edge)                              0.00       0.00
  clock network delay (ideal)                             0.00       0.00
  clock uncertainty                                       0.16       0.16
  byte_controller/bit_controller/cSDA_reg[1]/CLK (DFFARX1)
                                                          0.00       0.16 r
  library hold time                                      -0.05       0.11
  data required time                                                 0.11
  --------------------------------------------------------------------------
  data required time                                                 0.11
  data arrival time                                                 -0.66
  --------------------------------------------------------------------------
  slack (MET)                                                        0.55


  Startpoint: byte_controller/bit_controller/cSCL_reg[0]
              (rising edge-triggered flip-flop clocked by wb_clk_i)
  Endpoint: byte_controller/bit_controller/cSCL_reg[1]
            (rising edge-triggered flip-flop clocked by wb_clk_i)
  Path Group: wb_clk_i
  Path Type: min

  Des/Clust/Port     Wire Load Model       Library
  ------------------------------------------------
  i2c_master_top     16000                 saed90nm_max
  i2c_master_bit_ctrl
                     8000                  saed90nm_max

  Point                                                   Incr       Path
  --------------------------------------------------------------------------
  clock wb_clk_i (rise edge)                              0.00       0.00
  clock network delay (ideal)                             0.00       0.00
  byte_controller/bit_controller/cSCL_reg[0]/CLK (DFFARX1)
                                                          0.00       0.00 r
  byte_controller/bit_controller/cSCL_reg[0]/QN (DFFARX1)
                                                          0.45       0.45 r
  byte_controller/bit_controller/U114/QN (NOR2X0)         0.17       0.62 f
  byte_controller/bit_controller/cSCL_reg[1]/D (DFFARX1)
                                                          0.03       0.66 f
  data arrival time                                                  0.66

  clock wb_clk_i (rise edge)                              0.00       0.00
  clock network delay (ideal)                             0.00       0.00
  clock uncertainty                                       0.16       0.16
  byte_controller/bit_controller/cSCL_reg[1]/CLK (DFFARX1)
                                                          0.00       0.16 r
  library hold time                                      -0.05       0.11
  data required time                                                 0.11
  --------------------------------------------------------------------------
  data required time                                                 0.11
  data arrival time                                                 -0.66
  --------------------------------------------------------------------------
  slack (MET)                                                        0.55


  Startpoint: cr_reg[0] (rising edge-triggered flip-flop clocked by wb_clk_i)
  Endpoint: irq_flag_reg
            (rising edge-triggered flip-flop clocked by wb_clk_i)
  Path Group: wb_clk_i
  Path Type: min

  Des/Clust/Port     Wire Load Model       Library
  ------------------------------------------------
  i2c_master_top     16000                 saed90nm_max

  Point                                    Incr       Path
  -----------------------------------------------------------
  clock wb_clk_i (rise edge)               0.00       0.00
  clock network delay (ideal)              0.00       0.00
  cr_reg[0]/CLK (DFFARX1)                  0.00       0.00 r
  cr_reg[0]/QN (DFFARX1)                   0.40       0.40 f
  C584/Q (AND2X1)                          0.24       0.64 f
  U82/Q (AND2X1)                           0.20       0.84 f
  irq_flag_reg/D (DFFARX1)                 0.03       0.87 f
  data arrival time                                   0.87

  clock wb_clk_i (rise edge)               0.00       0.00
  clock network delay (ideal)              0.00       0.00
  clock uncertainty                        0.16       0.16
  irq_flag_reg/CLK (DFFARX1)               0.00       0.16 r
  library hold time                       -0.05       0.11
  data required time                                  0.11
  -----------------------------------------------------------
  data required time                                  0.11
  data arrival time                                  -0.87
  -----------------------------------------------------------
  slack (MET)                                         0.76


  Startpoint: byte_controller/dcnt_reg[1]
              (rising edge-triggered flip-flop clocked by wb_clk_i)
  Endpoint: byte_controller/dcnt_reg[1]
            (rising edge-triggered flip-flop clocked by wb_clk_i)
  Path Group: wb_clk_i
  Path Type: min

  Des/Clust/Port     Wire Load Model       Library
  ------------------------------------------------
  i2c_master_top     16000                 saed90nm_max
  i2c_master_byte_ctrl
                     8000                  saed90nm_max

  Point                                                   Incr       Path
  --------------------------------------------------------------------------
  clock wb_clk_i (rise edge)                              0.00       0.00
  clock network delay (ideal)                             0.00       0.00
  byte_controller/dcnt_reg[1]/CLK (DFFARX1)               0.00       0.00 r
  byte_controller/dcnt_reg[1]/QN (DFFARX1)                0.40       0.40 f
  byte_controller/U37/Q (AO221X1)                         0.46       0.86 f
  byte_controller/dcnt_reg[1]/D (DFFARX1)                 0.03       0.89 f
  data arrival time                                                  0.89

  clock wb_clk_i (rise edge)                              0.00       0.00
  clock network delay (ideal)                             0.00       0.00
  clock uncertainty                                       0.16       0.16
  byte_controller/dcnt_reg[1]/CLK (DFFARX1)               0.00       0.16 r
  library hold time                                      -0.06       0.10
  data required time                                                 0.10
  --------------------------------------------------------------------------
  data required time                                                 0.10
  data arrival time                                                 -0.89
  --------------------------------------------------------------------------
  slack (MET)                                                        0.79


  Startpoint: byte_controller/bit_controller/cmd_stop_reg
              (rising edge-triggered flip-flop clocked by wb_clk_i)
  Endpoint: byte_controller/bit_controller/al_reg
            (rising edge-triggered flip-flop clocked by wb_clk_i)
  Path Group: wb_clk_i
  Path Type: min

  Des/Clust/Port     Wire Load Model       Library
  ------------------------------------------------
  i2c_master_top     16000                 saed90nm_max
  i2c_master_bit_ctrl
                     8000                  saed90nm_max

  Point                                                   Incr       Path
  --------------------------------------------------------------------------
  clock wb_clk_i (rise edge)                              0.00       0.00
  clock network delay (ideal)                             0.00       0.00
  byte_controller/bit_controller/cmd_stop_reg/CLK (DFFARX1)
                                                          0.00       0.00 r
  byte_controller/bit_controller/cmd_stop_reg/QN (DFFARX1)
                                                          0.42       0.42 f
  byte_controller/bit_controller/U130/QN (NAND4X0)        0.32       0.74 r
  byte_controller/bit_controller/U129/QN (NAND2X0)        0.16       0.90 f
  byte_controller/bit_controller/al_reg/D (DFFARX1)       0.03       0.94 f
  data arrival time                                                  0.94

  clock wb_clk_i (rise edge)                              0.00       0.00
  clock network delay (ideal)                             0.00       0.00
  clock uncertainty                                       0.16       0.16
  byte_controller/bit_controller/al_reg/CLK (DFFARX1)     0.00       0.16 r
  library hold time                                      -0.07       0.09
  data required time                                                 0.09
  --------------------------------------------------------------------------
  data required time                                                 0.09
  data arrival time                                                 -0.94
  --------------------------------------------------------------------------
  slack (MET)                                                        0.84


  Startpoint: byte_controller/bit_controller/dSDA_reg
              (rising edge-triggered flip-flop clocked by wb_clk_i)
  Endpoint: byte_controller/bit_controller/sta_condition_reg
            (rising edge-triggered flip-flop clocked by wb_clk_i)
  Path Group: wb_clk_i
  Path Type: min

  Des/Clust/Port     Wire Load Model       Library
  ------------------------------------------------
  i2c_master_top     16000                 saed90nm_max
  i2c_master_bit_ctrl
                     8000                  saed90nm_max

  Point                                                   Incr       Path
  --------------------------------------------------------------------------
  clock wb_clk_i (rise edge)                              0.00       0.00
  clock network delay (ideal)                             0.00       0.00
  byte_controller/bit_controller/dSDA_reg/CLK (DFFASX1)
                                                          0.00       0.00 r
  byte_controller/bit_controller/dSDA_reg/QN (DFFASX1)
                                                          0.54       0.54 r
  byte_controller/bit_controller/U159/QN (NOR3X0)         0.38       0.92 f
  byte_controller/bit_controller/sta_condition_reg/D (DFFARX1)
                                                          0.03       0.95 f
  data arrival time                                                  0.95

  clock wb_clk_i (rise edge)                              0.00       0.00
  clock network delay (ideal)                             0.00       0.00
  clock uncertainty                                       0.16       0.16
  byte_controller/bit_controller/sta_condition_reg/CLK (DFFARX1)
                                                          0.00       0.16 r
  library hold time                                      -0.06       0.10
  data required time                                                 0.10
  --------------------------------------------------------------------------
  data required time                                                 0.10
  data arrival time                                                 -0.95
  --------------------------------------------------------------------------
  slack (MET)                                                        0.85


  Startpoint: byte_controller/bit_controller/sSCL_reg
              (rising edge-triggered flip-flop clocked by wb_clk_i)
  Endpoint: byte_controller/bit_controller/slave_wait_reg
            (rising edge-triggered flip-flop clocked by wb_clk_i)
  Path Group: wb_clk_i
  Path Type: min

  Des/Clust/Port     Wire Load Model       Library
  ------------------------------------------------
  i2c_master_top     16000                 saed90nm_max
  i2c_master_bit_ctrl
                     8000                  saed90nm_max

  Point                                                   Incr       Path
  --------------------------------------------------------------------------
  clock wb_clk_i (rise edge)                              0.00       0.00
  clock network delay (ideal)                             0.00       0.00
  byte_controller/bit_controller/sSCL_reg/CLK (DFFASX1)
                                                          0.00       0.00 r
  byte_controller/bit_controller/sSCL_reg/QN (DFFASX1)
                                                          0.51       0.51 f
  byte_controller/bit_controller/U146/ZN (INVX0)          0.15       0.66 r
  byte_controller/bit_controller/U123/QN (NOR2X0)         0.28       0.94 f
  byte_controller/bit_controller/slave_wait_reg/D (DFFARX1)
                                                          0.03       0.97 f
  data arrival time                                                  0.97

  clock wb_clk_i (rise edge)                              0.00       0.00
  clock network delay (ideal)                             0.00       0.00
  clock uncertainty                                       0.16       0.16
  byte_controller/bit_controller/slave_wait_reg/CLK (DFFARX1)
                                                          0.00       0.16 r
  library hold time                                      -0.06       0.10
  data required time                                                 0.10
  --------------------------------------------------------------------------
  data required time                                                 0.10
  data arrival time                                                 -0.97
  --------------------------------------------------------------------------
  slack (MET)                                                        0.87


  Startpoint: byte_controller/bit_controller/clk_en_reg
              (rising edge-triggered flip-flop clocked by wb_clk_i)
  Endpoint: byte_controller/bit_controller/cmd_ack_reg
            (rising edge-triggered flip-flop clocked by wb_clk_i)
  Path Group: wb_clk_i
  Path Type: min

  Des/Clust/Port     Wire Load Model       Library
  ------------------------------------------------
  i2c_master_top     16000                 saed90nm_max
  i2c_master_bit_ctrl
                     8000                  saed90nm_max

  Point                                                   Incr       Path
  --------------------------------------------------------------------------
  clock wb_clk_i (rise edge)                              0.00       0.00
  clock network delay (ideal)                             0.00       0.00
  byte_controller/bit_controller/clk_en_reg/CLK (DFFASX1)
                                                          0.00       0.00 r
  byte_controller/bit_controller/clk_en_reg/QN (DFFASX1)
                                                          0.54       0.54 r
  byte_controller/bit_controller/U126/QN (NOR3X0)         0.39       0.93 f
  byte_controller/bit_controller/cmd_ack_reg/D (DFFARX1)
                                                          0.03       0.97 f
  data arrival time                                                  0.97

  clock wb_clk_i (rise edge)                              0.00       0.00
  clock network delay (ideal)                             0.00       0.00
  clock uncertainty                                       0.16       0.16
  byte_controller/bit_controller/cmd_ack_reg/CLK (DFFARX1)
                                                          0.00       0.16 r
  library hold time                                      -0.08       0.08
  data required time                                                 0.08
  --------------------------------------------------------------------------
  data required time                                                 0.08
  data arrival time                                                 -0.97
  --------------------------------------------------------------------------
  slack (MET)                                                        0.88


  Startpoint: byte_controller/bit_controller/c_state_reg[13]
              (rising edge-triggered flip-flop clocked by wb_clk_i)
  Endpoint: byte_controller/bit_controller/c_state_reg[13]
            (rising edge-triggered flip-flop clocked by wb_clk_i)
  Path Group: wb_clk_i
  Path Type: min

  Des/Clust/Port     Wire Load Model       Library
  ------------------------------------------------
  i2c_master_top     16000                 saed90nm_max
  i2c_master_bit_ctrl
                     8000                  saed90nm_max

  Point                                                   Incr       Path
  --------------------------------------------------------------------------
  clock wb_clk_i (rise edge)                              0.00       0.00
  clock network delay (ideal)                             0.00       0.00
  byte_controller/bit_controller/c_state_reg[13]/CLK (DFFARX1)
                                                          0.00       0.00 r
  byte_controller/bit_controller/c_state_reg[13]/QN (DFFARX1)
                                                          0.46       0.46 r
  byte_controller/bit_controller/U46/QN (OAI21X1)         0.54       1.00 f
  byte_controller/bit_controller/c_state_reg[13]/D (DFFARX1)
                                                          0.03       1.03 f
  data arrival time                                                  1.03

  clock wb_clk_i (rise edge)                              0.00       0.00
  clock network delay (ideal)                             0.00       0.00
  clock uncertainty                                       0.16       0.16
  byte_controller/bit_controller/c_state_reg[13]/CLK (DFFARX1)
                                                          0.00       0.16 r
  library hold time                                      -0.05       0.11
  data required time                                                 0.11
  --------------------------------------------------------------------------
  data required time                                                 0.11
  data arrival time                                                 -1.03
  --------------------------------------------------------------------------
  slack (MET)                                                        0.92


  Startpoint: byte_controller/ack_out_reg
              (rising edge-triggered flip-flop clocked by wb_clk_i)
  Endpoint: rxack_reg (rising edge-triggered flip-flop clocked by wb_clk_i)
  Path Group: wb_clk_i
  Path Type: min

  Des/Clust/Port     Wire Load Model       Library
  ------------------------------------------------
  i2c_master_top     16000                 saed90nm_max

  Point                                                   Incr       Path
  --------------------------------------------------------------------------
  clock wb_clk_i (rise edge)                              0.00       0.00
  clock network delay (ideal)                             0.00       0.00
  byte_controller/ack_out_reg/CLK (DFFARX1)               0.00       0.00 r
  byte_controller/ack_out_reg/Q (DFFARX1)                 0.68       0.68 f
  byte_controller/ack_out (i2c_master_byte_ctrl)          0.00       0.68 f
  U84/Q (AND2X1)                                          0.33       1.01 f
  rxack_reg/D (DFFARX1)                                   0.03       1.04 f
  data arrival time                                                  1.04

  clock wb_clk_i (rise edge)                              0.00       0.00
  clock network delay (ideal)                             0.00       0.00
  clock uncertainty                                       0.16       0.16
  rxack_reg/CLK (DFFARX1)                                 0.00       0.16 r
  library hold time                                      -0.05       0.11
  data required time                                                 0.11
  --------------------------------------------------------------------------
  data required time                                                 0.11
  data arrival time                                                 -1.04
  --------------------------------------------------------------------------
  slack (MET)                                                        0.93


1
