 
****************************************
Report : timing
        -path full
        -delay max
        -max_paths 10
Design : i2c_master_top
Version: O-2018.06-SP1
Date   : Mon Aug 17 17:04:32 2026
****************************************

Operating Conditions: WORST   Library: saed90nm_max_hvt
Wire Load Model Mode: enclosed

  Startpoint: byte_controller/bit_controller/cnt_reg[11]
              (rising edge-triggered flip-flop clocked by wb_clk_i)
  Endpoint: byte_controller/bit_controller/cnt_reg[5]
            (rising edge-triggered flip-flop clocked by wb_clk_i)
  Path Group: wb_clk_i
  Path Type: max

  Des/Clust/Port     Wire Load Model       Library
  ------------------------------------------------
  i2c_master_top     16000                 saed90nm_max_hvt
  i2c_master_bit_ctrl
                     8000                  saed90nm_max_hvt

  Point                                                   Incr       Path
  --------------------------------------------------------------------------
  clock wb_clk_i (rise edge)                              0.00       0.00
  clock network delay (ideal)                             0.00       0.00
  byte_controller/bit_controller/cnt_reg[11]/CLK (DFFARX1_HVT)
                                                          0.00       0.00 r
  byte_controller/bit_controller/cnt_reg[11]/QN (DFFARX1_HVT)
                                                          1.12       1.12 r
  byte_controller/bit_controller/U17/QN (NAND4X0_HVT)     0.93       2.05 f
  byte_controller/bit_controller/U187/Q (OR4X1_HVT)       1.00       3.05 f
  byte_controller/bit_controller/U274/QN (NAND4X1_HVT)
                                                          0.83       3.89 r
  byte_controller/bit_controller/U136/Z (NBUFFX2_HVT)     0.84       4.72 r
  byte_controller/bit_controller/U128/Z (NBUFFX2_HVT)     0.79       5.51 r
  byte_controller/bit_controller/U30/Q (AO222X1_HVT)      1.43       6.94 r
  byte_controller/bit_controller/cnt_reg[5]/D (DFFARX1_HVT)
                                                          0.03       6.97 r
  data arrival time                                                  6.97

  clock wb_clk_i (rise edge)                              8.00       8.00
  clock network delay (ideal)                             0.00       8.00
  clock uncertainty                                      -0.24       7.76
  byte_controller/bit_controller/cnt_reg[5]/CLK (DFFARX1_HVT)
                                                          0.00       7.76 r
  library setup time                                     -0.89       6.87
  data required time                                                 6.87
  --------------------------------------------------------------------------
  data required time                                                 6.87
  data arrival time                                                 -6.97
  --------------------------------------------------------------------------
  slack (VIOLATED)                                                  -0.10


  Startpoint: byte_controller/bit_controller/cnt_reg[11]
              (rising edge-triggered flip-flop clocked by wb_clk_i)
  Endpoint: byte_controller/bit_controller/cnt_reg[4]
            (rising edge-triggered flip-flop clocked by wb_clk_i)
  Path Group: wb_clk_i
  Path Type: max

  Des/Clust/Port     Wire Load Model       Library
  ------------------------------------------------
  i2c_master_top     16000                 saed90nm_max_hvt
  i2c_master_bit_ctrl
                     8000                  saed90nm_max_hvt

  Point                                                   Incr       Path
  --------------------------------------------------------------------------
  clock wb_clk_i (rise edge)                              0.00       0.00
  clock network delay (ideal)                             0.00       0.00
  byte_controller/bit_controller/cnt_reg[11]/CLK (DFFARX1_HVT)
                                                          0.00       0.00 r
  byte_controller/bit_controller/cnt_reg[11]/QN (DFFARX1_HVT)
                                                          1.12       1.12 r
  byte_controller/bit_controller/U17/QN (NAND4X0_HVT)     0.93       2.05 f
  byte_controller/bit_controller/U187/Q (OR4X1_HVT)       1.00       3.05 f
  byte_controller/bit_controller/U274/QN (NAND4X1_HVT)
                                                          0.83       3.89 r
  byte_controller/bit_controller/U136/Z (NBUFFX2_HVT)     0.84       4.72 r
  byte_controller/bit_controller/U128/Z (NBUFFX2_HVT)     0.79       5.51 r
  byte_controller/bit_controller/U32/Q (AO222X1_HVT)      1.43       6.94 r
  byte_controller/bit_controller/cnt_reg[4]/D (DFFARX1_HVT)
                                                          0.03       6.97 r
  data arrival time                                                  6.97

  clock wb_clk_i (rise edge)                              8.00       8.00
  clock network delay (ideal)                             0.00       8.00
  clock uncertainty                                      -0.24       7.76
  byte_controller/bit_controller/cnt_reg[4]/CLK (DFFARX1_HVT)
                                                          0.00       7.76 r
  library setup time                                     -0.89       6.87
  data required time                                                 6.87
  --------------------------------------------------------------------------
  data required time                                                 6.87
  data arrival time                                                 -6.97
  --------------------------------------------------------------------------
  slack (VIOLATED)                                                  -0.10


  Startpoint: byte_controller/bit_controller/cnt_reg[11]
              (rising edge-triggered flip-flop clocked by wb_clk_i)
  Endpoint: byte_controller/bit_controller/cnt_reg[11]
            (rising edge-triggered flip-flop clocked by wb_clk_i)
  Path Group: wb_clk_i
  Path Type: max

  Des/Clust/Port     Wire Load Model       Library
  ------------------------------------------------
  i2c_master_top     16000                 saed90nm_max_hvt
  i2c_master_bit_ctrl
                     8000                  saed90nm_max_hvt

  Point                                                   Incr       Path
  --------------------------------------------------------------------------
  clock wb_clk_i (rise edge)                              0.00       0.00
  clock network delay (ideal)                             0.00       0.00
  byte_controller/bit_controller/cnt_reg[11]/CLK (DFFARX1_HVT)
                                                          0.00       0.00 r
  byte_controller/bit_controller/cnt_reg[11]/QN (DFFARX1_HVT)
                                                          1.12       1.12 r
  byte_controller/bit_controller/U17/QN (NAND4X0_HVT)     0.93       2.05 f
  byte_controller/bit_controller/U187/Q (OR4X1_HVT)       1.00       3.05 f
  byte_controller/bit_controller/U274/QN (NAND4X1_HVT)
                                                          0.83       3.89 r
  byte_controller/bit_controller/U136/Z (NBUFFX2_HVT)     0.84       4.72 r
  byte_controller/bit_controller/U128/Z (NBUFFX2_HVT)     0.79       5.51 r
  byte_controller/bit_controller/U18/Q (AO222X1_HVT)      1.43       6.94 r
  byte_controller/bit_controller/cnt_reg[11]/D (DFFARX1_HVT)
                                                          0.03       6.97 r
  data arrival time                                                  6.97

  clock wb_clk_i (rise edge)                              8.00       8.00
  clock network delay (ideal)                             0.00       8.00
  clock uncertainty                                      -0.24       7.76
  byte_controller/bit_controller/cnt_reg[11]/CLK (DFFARX1_HVT)
                                                          0.00       7.76 r
  library setup time                                     -0.89       6.87
  data required time                                                 6.87
  --------------------------------------------------------------------------
  data required time                                                 6.87
  data arrival time                                                 -6.97
  --------------------------------------------------------------------------
  slack (VIOLATED)                                                  -0.10


  Startpoint: byte_controller/bit_controller/cnt_reg[11]
              (rising edge-triggered flip-flop clocked by wb_clk_i)
  Endpoint: byte_controller/bit_controller/cnt_reg[8]
            (rising edge-triggered flip-flop clocked by wb_clk_i)
  Path Group: wb_clk_i
  Path Type: max

  Des/Clust/Port     Wire Load Model       Library
  ------------------------------------------------
  i2c_master_top     16000                 saed90nm_max_hvt
  i2c_master_bit_ctrl
                     8000                  saed90nm_max_hvt

  Point                                                   Incr       Path
  --------------------------------------------------------------------------
  clock wb_clk_i (rise edge)                              0.00       0.00
  clock network delay (ideal)                             0.00       0.00
  byte_controller/bit_controller/cnt_reg[11]/CLK (DFFARX1_HVT)
                                                          0.00       0.00 r
  byte_controller/bit_controller/cnt_reg[11]/QN (DFFARX1_HVT)
                                                          1.12       1.12 r
  byte_controller/bit_controller/U17/QN (NAND4X0_HVT)     0.93       2.05 f
  byte_controller/bit_controller/U187/Q (OR4X1_HVT)       1.00       3.05 f
  byte_controller/bit_controller/U274/QN (NAND4X1_HVT)
                                                          0.83       3.89 r
  byte_controller/bit_controller/U136/Z (NBUFFX2_HVT)     0.84       4.72 r
  byte_controller/bit_controller/U146/Z (NBUFFX2_HVT)     0.79       5.51 r
  byte_controller/bit_controller/U24/Q (AO222X1_HVT)      1.43       6.94 r
  byte_controller/bit_controller/cnt_reg[8]/D (DFFARX1_HVT)
                                                          0.03       6.97 r
  data arrival time                                                  6.97

  clock wb_clk_i (rise edge)                              8.00       8.00
  clock network delay (ideal)                             0.00       8.00
  clock uncertainty                                      -0.24       7.76
  byte_controller/bit_controller/cnt_reg[8]/CLK (DFFARX1_HVT)
                                                          0.00       7.76 r
  library setup time                                     -0.89       6.87
  data required time                                                 6.87
  --------------------------------------------------------------------------
  data required time                                                 6.87
  data arrival time                                                 -6.97
  --------------------------------------------------------------------------
  slack (VIOLATED)                                                  -0.10


  Startpoint: byte_controller/bit_controller/cnt_reg[11]
              (rising edge-triggered flip-flop clocked by wb_clk_i)
  Endpoint: byte_controller/bit_controller/cnt_reg[6]
            (rising edge-triggered flip-flop clocked by wb_clk_i)
  Path Group: wb_clk_i
  Path Type: max

  Des/Clust/Port     Wire Load Model       Library
  ------------------------------------------------
  i2c_master_top     16000                 saed90nm_max_hvt
  i2c_master_bit_ctrl
                     8000                  saed90nm_max_hvt

  Point                                                   Incr       Path
  --------------------------------------------------------------------------
  clock wb_clk_i (rise edge)                              0.00       0.00
  clock network delay (ideal)                             0.00       0.00
  byte_controller/bit_controller/cnt_reg[11]/CLK (DFFARX1_HVT)
                                                          0.00       0.00 r
  byte_controller/bit_controller/cnt_reg[11]/QN (DFFARX1_HVT)
                                                          1.12       1.12 r
  byte_controller/bit_controller/U17/QN (NAND4X0_HVT)     0.93       2.05 f
  byte_controller/bit_controller/U187/Q (OR4X1_HVT)       1.00       3.05 f
  byte_controller/bit_controller/U274/QN (NAND4X1_HVT)
                                                          0.83       3.89 r
  byte_controller/bit_controller/U136/Z (NBUFFX2_HVT)     0.84       4.72 r
  byte_controller/bit_controller/U128/Z (NBUFFX2_HVT)     0.79       5.51 r
  byte_controller/bit_controller/U28/Q (AO222X1_HVT)      1.43       6.94 r
  byte_controller/bit_controller/cnt_reg[6]/D (DFFARX1_HVT)
                                                          0.03       6.97 r
  data arrival time                                                  6.97

  clock wb_clk_i (rise edge)                              8.00       8.00
  clock network delay (ideal)                             0.00       8.00
  clock uncertainty                                      -0.24       7.76
  byte_controller/bit_controller/cnt_reg[6]/CLK (DFFARX1_HVT)
                                                          0.00       7.76 r
  library setup time                                     -0.89       6.87
  data required time                                                 6.87
  --------------------------------------------------------------------------
  data required time                                                 6.87
  data arrival time                                                 -6.97
  --------------------------------------------------------------------------
  slack (VIOLATED)                                                  -0.10


  Startpoint: byte_controller/bit_controller/cnt_reg[11]
              (rising edge-triggered flip-flop clocked by wb_clk_i)
  Endpoint: byte_controller/bit_controller/cnt_reg[7]
            (rising edge-triggered flip-flop clocked by wb_clk_i)
  Path Group: wb_clk_i
  Path Type: max

  Des/Clust/Port     Wire Load Model       Library
  ------------------------------------------------
  i2c_master_top     16000                 saed90nm_max_hvt
  i2c_master_bit_ctrl
                     8000                  saed90nm_max_hvt

  Point                                                   Incr       Path
  --------------------------------------------------------------------------
  clock wb_clk_i (rise edge)                              0.00       0.00
  clock network delay (ideal)                             0.00       0.00
  byte_controller/bit_controller/cnt_reg[11]/CLK (DFFARX1_HVT)
                                                          0.00       0.00 r
  byte_controller/bit_controller/cnt_reg[11]/QN (DFFARX1_HVT)
                                                          1.12       1.12 r
  byte_controller/bit_controller/U17/QN (NAND4X0_HVT)     0.93       2.05 f
  byte_controller/bit_controller/U187/Q (OR4X1_HVT)       1.00       3.05 f
  byte_controller/bit_controller/U274/QN (NAND4X1_HVT)
                                                          0.83       3.89 r
  byte_controller/bit_controller/U136/Z (NBUFFX2_HVT)     0.84       4.72 r
  byte_controller/bit_controller/U146/Z (NBUFFX2_HVT)     0.79       5.51 r
  byte_controller/bit_controller/U26/Q (AO222X1_HVT)      1.43       6.94 r
  byte_controller/bit_controller/cnt_reg[7]/D (DFFARX1_HVT)
                                                          0.03       6.97 r
  data arrival time                                                  6.97

  clock wb_clk_i (rise edge)                              8.00       8.00
  clock network delay (ideal)                             0.00       8.00
  clock uncertainty                                      -0.24       7.76
  byte_controller/bit_controller/cnt_reg[7]/CLK (DFFARX1_HVT)
                                                          0.00       7.76 r
  library setup time                                     -0.89       6.87
  data required time                                                 6.87
  --------------------------------------------------------------------------
  data required time                                                 6.87
  data arrival time                                                 -6.97
  --------------------------------------------------------------------------
  slack (VIOLATED)                                                  -0.10


  Startpoint: byte_controller/bit_controller/cnt_reg[11]
              (rising edge-triggered flip-flop clocked by wb_clk_i)
  Endpoint: byte_controller/bit_controller/cnt_reg[13]
            (rising edge-triggered flip-flop clocked by wb_clk_i)
  Path Group: wb_clk_i
  Path Type: max

  Des/Clust/Port     Wire Load Model       Library
  ------------------------------------------------
  i2c_master_top     16000                 saed90nm_max_hvt
  i2c_master_bit_ctrl
                     8000                  saed90nm_max_hvt

  Point                                                   Incr       Path
  --------------------------------------------------------------------------
  clock wb_clk_i (rise edge)                              0.00       0.00
  clock network delay (ideal)                             0.00       0.00
  byte_controller/bit_controller/cnt_reg[11]/CLK (DFFARX1_HVT)
                                                          0.00       0.00 r
  byte_controller/bit_controller/cnt_reg[11]/QN (DFFARX1_HVT)
                                                          1.12       1.12 r
  byte_controller/bit_controller/U17/QN (NAND4X0_HVT)     0.93       2.05 f
  byte_controller/bit_controller/U187/Q (OR4X1_HVT)       1.00       3.05 f
  byte_controller/bit_controller/U274/QN (NAND4X1_HVT)
                                                          0.83       3.89 r
  byte_controller/bit_controller/U136/Z (NBUFFX2_HVT)     0.84       4.72 r
  byte_controller/bit_controller/U146/Z (NBUFFX2_HVT)     0.79       5.51 r
  byte_controller/bit_controller/U14/Q (AO222X1_HVT)      1.43       6.94 r
  byte_controller/bit_controller/cnt_reg[13]/D (DFFARX2_HVT)
                                                          0.03       6.97 r
  data arrival time                                                  6.97

  clock wb_clk_i (rise edge)                              8.00       8.00
  clock network delay (ideal)                             0.00       8.00
  clock uncertainty                                      -0.24       7.76
  byte_controller/bit_controller/cnt_reg[13]/CLK (DFFARX2_HVT)
                                                          0.00       7.76 r
  library setup time                                     -0.89       6.87
  data required time                                                 6.87
  --------------------------------------------------------------------------
  data required time                                                 6.87
  data arrival time                                                 -6.97
  --------------------------------------------------------------------------
  slack (VIOLATED)                                                  -0.10


  Startpoint: byte_controller/bit_controller/cnt_reg[11]
              (rising edge-triggered flip-flop clocked by wb_clk_i)
  Endpoint: byte_controller/bit_controller/cnt_reg[15]
            (rising edge-triggered flip-flop clocked by wb_clk_i)
  Path Group: wb_clk_i
  Path Type: max

  Des/Clust/Port     Wire Load Model       Library
  ------------------------------------------------
  i2c_master_top     16000                 saed90nm_max_hvt
  i2c_master_bit_ctrl
                     8000                  saed90nm_max_hvt

  Point                                                   Incr       Path
  --------------------------------------------------------------------------
  clock wb_clk_i (rise edge)                              0.00       0.00
  clock network delay (ideal)                             0.00       0.00
  byte_controller/bit_controller/cnt_reg[11]/CLK (DFFARX1_HVT)
                                                          0.00       0.00 r
  byte_controller/bit_controller/cnt_reg[11]/QN (DFFARX1_HVT)
                                                          1.12       1.12 r
  byte_controller/bit_controller/U17/QN (NAND4X0_HVT)     0.93       2.05 f
  byte_controller/bit_controller/U187/Q (OR4X1_HVT)       1.00       3.05 f
  byte_controller/bit_controller/U274/QN (NAND4X1_HVT)
                                                          0.83       3.89 r
  byte_controller/bit_controller/U136/Z (NBUFFX2_HVT)     0.84       4.72 r
  byte_controller/bit_controller/U146/Z (NBUFFX2_HVT)     0.79       5.51 r
  byte_controller/bit_controller/U10/Q (AO222X1_HVT)      1.43       6.94 r
  byte_controller/bit_controller/cnt_reg[15]/D (DFFARX2_HVT)
                                                          0.03       6.97 r
  data arrival time                                                  6.97

  clock wb_clk_i (rise edge)                              8.00       8.00
  clock network delay (ideal)                             0.00       8.00
  clock uncertainty                                      -0.24       7.76
  byte_controller/bit_controller/cnt_reg[15]/CLK (DFFARX2_HVT)
                                                          0.00       7.76 r
  library setup time                                     -0.89       6.87
  data required time                                                 6.87
  --------------------------------------------------------------------------
  data required time                                                 6.87
  data arrival time                                                 -6.97
  --------------------------------------------------------------------------
  slack (VIOLATED)                                                  -0.10


  Startpoint: byte_controller/bit_controller/cnt_reg[10]
              (rising edge-triggered flip-flop clocked by wb_clk_i)
  Endpoint: byte_controller/bit_controller/cnt_reg[10]
            (rising edge-triggered flip-flop clocked by wb_clk_i)
  Path Group: wb_clk_i
  Path Type: max

  Des/Clust/Port     Wire Load Model       Library
  ------------------------------------------------
  i2c_master_top     16000                 saed90nm_max_hvt
  i2c_master_bit_ctrl
                     8000                  saed90nm_max_hvt

  Point                                                   Incr       Path
  --------------------------------------------------------------------------
  clock wb_clk_i (rise edge)                              0.00       0.00
  clock network delay (ideal)                             0.00       0.00
  byte_controller/bit_controller/cnt_reg[10]/CLK (DFFARX1_HVT)
                                                          0.00       0.00 r
  byte_controller/bit_controller/cnt_reg[10]/QN (DFFARX1_HVT)
                                                          1.09       1.09 r
  byte_controller/bit_controller/U271/ZN (INVX0_HVT)      0.43       1.52 f
  byte_controller/bit_controller/U272/ZN (INVX0_HVT)      0.19       1.71 r
  byte_controller/bit_controller/U15/QN (NAND4X0_HVT)     0.51       2.22 f
  byte_controller/bit_controller/U185/Q (OR4X1_HVT)       0.97       3.19 f
  byte_controller/bit_controller/U181/QN (NAND4X0_HVT)
                                                          0.28       3.47 r
  byte_controller/bit_controller/U27/QN (NOR2X1_HVT)      0.35       3.83 f
  byte_controller/bit_controller/U170/Q (OR2X1_HVT)       0.65       4.48 f
  byte_controller/bit_controller/U164/ZN (INVX0_HVT)      0.57       5.05 r
  byte_controller/bit_controller/U165/Z (NBUFFX2_HVT)     0.56       5.61 r
  byte_controller/bit_controller/U20/Q (AO222X1_HVT)      1.32       6.93 r
  byte_controller/bit_controller/cnt_reg[10]/D (DFFARX1_HVT)
                                                          0.03       6.96 r
  data arrival time                                                  6.96

  clock wb_clk_i (rise edge)                              8.00       8.00
  clock network delay (ideal)                             0.00       8.00
  clock uncertainty                                      -0.24       7.76
  byte_controller/bit_controller/cnt_reg[10]/CLK (DFFARX1_HVT)
                                                          0.00       7.76 r
  library setup time                                     -0.89       6.87
  data required time                                                 6.87
  --------------------------------------------------------------------------
  data required time                                                 6.87
  data arrival time                                                 -6.96
  --------------------------------------------------------------------------
  slack (VIOLATED)                                                  -0.09


  Startpoint: byte_controller/bit_controller/cnt_reg[10]
              (rising edge-triggered flip-flop clocked by wb_clk_i)
  Endpoint: byte_controller/bit_controller/cnt_reg[1]
            (rising edge-triggered flip-flop clocked by wb_clk_i)
  Path Group: wb_clk_i
  Path Type: max

  Des/Clust/Port     Wire Load Model       Library
  ------------------------------------------------
  i2c_master_top     16000                 saed90nm_max_hvt
  i2c_master_bit_ctrl
                     8000                  saed90nm_max_hvt

  Point                                                   Incr       Path
  --------------------------------------------------------------------------
  clock wb_clk_i (rise edge)                              0.00       0.00
  clock network delay (ideal)                             0.00       0.00
  byte_controller/bit_controller/cnt_reg[10]/CLK (DFFARX1_HVT)
                                                          0.00       0.00 r
  byte_controller/bit_controller/cnt_reg[10]/QN (DFFARX1_HVT)
                                                          1.09       1.09 r
  byte_controller/bit_controller/U271/ZN (INVX0_HVT)      0.43       1.52 f
  byte_controller/bit_controller/U272/ZN (INVX0_HVT)      0.19       1.71 r
  byte_controller/bit_controller/U15/QN (NAND4X0_HVT)     0.51       2.22 f
  byte_controller/bit_controller/U185/Q (OR4X1_HVT)       0.97       3.19 f
  byte_controller/bit_controller/U181/QN (NAND4X0_HVT)
                                                          0.28       3.47 r
  byte_controller/bit_controller/U27/QN (NOR2X1_HVT)      0.35       3.83 f
  byte_controller/bit_controller/U170/Q (OR2X1_HVT)       0.65       4.48 f
  byte_controller/bit_controller/U25/ZN (INVX0_HVT)       0.57       5.05 r
  byte_controller/bit_controller/U196/Z (NBUFFX2_HVT)     0.56       5.61 r
  byte_controller/bit_controller/U38/Q (AO222X1_HVT)      1.32       6.93 r
  byte_controller/bit_controller/cnt_reg[1]/D (DFFARX1_HVT)
                                                          0.03       6.96 r
  data arrival time                                                  6.96

  clock wb_clk_i (rise edge)                              8.00       8.00
  clock network delay (ideal)                             0.00       8.00
  clock uncertainty                                      -0.24       7.76
  byte_controller/bit_controller/cnt_reg[1]/CLK (DFFARX1_HVT)
                                                          0.00       7.76 r
  library setup time                                     -0.89       6.87
  data required time                                                 6.87
  --------------------------------------------------------------------------
  data required time                                                 6.87
  data arrival time                                                 -6.96
  --------------------------------------------------------------------------
  slack (VIOLATED)                                                  -0.09


1
