****************************************
Report : Data Mismatches
Version: O-2018.06-SP1
Date   : Sun Sep 20 00:52:17 2026
****************************************
No mismatches exist on the design.
1
1
NEX: 900 nets
NEX: 99.89%(899/900) nets are valid placed

Histogram of "num of nodes per net"
  value: 	percent%
     0: 	0.1% 
     2: 	54.7% (peak)
     3: 	21.0% 
     4: 	10.3% 
     5: 	10.2% (average = 5) 
    10: 	3.4% 
    400: 	0.2% 


Histogram of "net bbox size(um)"
  value: 	percent%
   0.00: 	0.1% 
   1.00: 	0.3% 
   2.00: 	6.4% 
   3.00: 	6.3% 
   4.00: 	7.2% (peak)
   5.00: 	26.7% 
   10.00: 	27.4% (average = 18.2) 
   20.00: 	12.7% 
   40.00: 	12.4% 
   100.00: 	0.3% 


Histogram of "net bbox aspect()"
  value: 	percent%
   0.00: 	0.1% 
   1.00: 	7.8% 
   1.10: 	8.6% (peak)
   1.20: 	7.3% 
   1.30: 	6.3% 
   1.40: 	5.2% 
   1.50: 	6.1% 
   1.60: 	5.1% 
   1.70: 	3.4% 
   1.80: 	3.4% 
   1.90: 	3.9% 
   2.00: 	13.1% 
   2.50: 	8.3% (average = 2.5) 
   3.00: 	8.2% 
   4.00: 	6.0% 
   5.00: 	5.2% 
   10.00: 	1.7% 
   20.00: 	0.1% 

NEX: 854 insts

Histogram of "inst bbox size(um)"
  value: 	percent%
   3.00: 	69.7% (peak)
   4.00: 	8.0% (average = 4.7) 
   5.00: 	5.4% 
   10.00: 	17.0% 

NEX: 8 NDR rules: 
  [0] clk_network_NDR_root
  [1] clk_network_NDR_internal
  [2] default_rule_equivalent_ndr_double_spacing
  [3] clk_network_NDR_root_ext_spacing
  [4] clk_network_NDR_internal_ext_spacing
  [5] LOPT_M7_M8
  [6] LOPT_M3_M8
  [7] ICC2_GENERATED_DEFAULT_SPACING_RULE
************************************************************
Timer Settings:
Delay Calculation Style:                   auto
Signal Integrity Analysis:                 enabled
Timing Window Analysis:                    enabled
Advanced Waveform Propagation:             disabled
Variation Type:                            fixed_derate
Clock Reconvergence Pessimism Removal:     enabled
Advanced Receiver Model:                   disabled
************************************************************
1
Warning: Cell contains tie connections which are not connected to real PG. (ZRT-511)
Warning: Ignore contact DIFFCON. (ZRT-015)
Turn off antenna since no rule is specified
Cell Min-Routing-Layer = M3
Cell Max-Routing-Layer = M8
Info: number of net_type_blockage: 0 
Via on layer (VIA1) needs more than one tracks
Warning: Layer M1 pitch 0.320 may be too small: wire/via-down 0.315, wire/via-up 0.330. (ZRT-026)
Via on layer (VIA1) needs more than one tracks
Warning: Layer M2 pitch 0.320 may be too small: wire/via-down 0.360, wire/via-up 0.320. (ZRT-026)
soft rule ICC2_GENERATED_DEFAULT_SPACING_RULE_3_8_wire is redundant
soft rule LOPT_M3_M8_3_8_wire is redundant
soft rule LOPT_M7_M8_3_8_wire is redundant
Printing options for 'route.common.*'

Printing options for 'route.detail.*'
detail.antenna                                          :	 true                
detail.force_end_on_preferred_grid                      :	 true                

Printing options for 'route.auto_via_ladder.*'


============================================
==  Check for overlap of standard cells   ==
============================================

>>>>>> No overlap of standard cells found

============================================
==     Check for min-grid violations      ==
============================================

>>>>>> No min-grid violations found


============================================
==    Check for out-of-boundary ports     ==
============================================

>>>>>> No out-of-boundary error found

============================================
==        Check for blocked ports         ==
============================================

>>>>>> The design might not be cleanly routed because it has 2 possibly blocked ports

>>>>>> No blocked nets found

============================================
==     Check for shielding violations     ==
============================================

>>>>>> The following Non-PG net has a shape with shape_use shield_route

>>> No non-PG net has a shape with shape_use shield_route.

>>>>>> The following PG net has shape with shape_use detail_route and shape length is too long.

>>> No PG net has shape with shape_use detail_route and shape length is too long.

>>>>>> The following nets with shield non-default rule has no internal data representation in Zroute.

>>> No nets with shield non-default rule has no internal data representation in Zroute.

============================================
==     Check for via cut blockage violation   ==
============================================

>>>>>> The following via cut blockages are wrongly treated as real vias.

>>> No via cut blockage is wrongly treated as real via.

============================================
==     Check for custom via definition    ==
============================================

>>> No custom via definition has too many cuts

============================================
==          Check for via master          ==
============================================

>>> The total number of via master definition is 100

===============================================
==     Check non-default rule setting        ==
===============================================

>>> No NDR width is larger than signalRouteMaxWidth

>>> No NDR shield width is larger than signalRouteMaxWidth

End of check_routability
1
