****************************************
Report : qor
Design : i2c_master_top
Version: O-2018.06-SP1
Date   : Sat Aug 22 06:08:22 2026
****************************************
************************************************************
Timer Settings:
Delay Calculation Style:                   auto
Signal Integrity Analysis:                 disabled
Timing Window Analysis:                    disabled
Advanced Waveform Propagation:             disabled
Variation Type:                            fixed_derate
Clock Reconvergence Pessimism Removal:     disabled
Advanced Receiver Model:                   disabled
************************************************************
Information: Corner default: no PVT mismatches. (PVT-032)
Information: The stitching and editing of coupling caps is turned OFF for design 'i2c.dlib:i2c_floorplan.design'. (TIM-125)
Information: Design Average RC for design i2c_floorplan  (NEX-011)
Information: r = 0.515372 ohm/um, via_r = 0.858630 ohm/cut, c = 0.067760 ff/um, cc = 0.000000 ff/um (X dir) (NEX-017)
Information: r = 0.562500 ohm/um, via_r = 0.870988 ohm/cut, c = 0.077464 ff/um, cc = 0.000000 ff/um (Y dir) (NEX-017)
Information: The RC mode used is VR for design 'i2c_master_top'. (NEX-022)
Information: Update timing completed net estimation for all the timing graph nets (TIM-111)
Information: Net estimation statistics: timing graph nets = 884, routed nets = 0, across physical hierarchy nets = 0, parasitics cached nets = 0, delay annotated nets = 0, parasitics annotated nets = 0, multi-voltage nets = 0. (TIM-112)


Scenario           'default'
Timing Path Group  'wb_clk_i'
----------------------------------------
Levels of Logic:                      9
Critical Path Length:              5.93
Critical Path Slack:               1.55
Critical Path Clk Period:          8.00
Total Negative Slack:              0.00
No. of Violating Paths:               0
Worst Hold Violation:              0.00
Total Hold Violation:              0.00
No. of Hold Violations:               0
----------------------------------------


Cell Count
----------------------------------------
Hierarchical Cell Count:              4
Hierarchical Port Count:            150
Leaf Cell Count:                    807
Buf/Inv Cell Count:                 251
Buf Cell Count:                      57
Inv Cell Count:                     194
CT Buf/Inv Cell Count:                0
Combinational Cell Count:           654
Sequential Cell Count:              153
Macro Count:                          0
----------------------------------------


Area
----------------------------------------
Combinational Area:             5676.13
Noncombinational Area:          4827.34
Buf/Inv Area:                   1887.44
Total Buffer Area:               670.92
Total Inverter Area:            1216.51
Macro/Black Box Area:              0.00
Net Area:                             0
Net XLength:                       0.00
Net YLength:                       0.00
----------------------------------------
Cell Area (netlist):                          10503.48
Cell Area (netlist and physical only):        10503.48
Net Length:                        0.00


Design Rules
----------------------------------------
Total Number of Nets:               889
Nets with Violations:                 0
Max Trans Violations:                 0
Max Cap Violations:                   0
----------------------------------------

1
