****************************************
Report : report_utilization
Design : i2c_master_top
Version: O-2018.06-SP1
Date   : Sat Aug 22 06:08:41 2026
****************************************
Utilization Ratio:			0.6132
Utilization options:
 - Area calculation based on:		site_row of block i2c_floorplan
 - Categories of objects excluded:	hard_macros macro_keepouts soft_macros io_cells hard_blockages 
Total Area:				17127.9360
Total Capacity Area:			17127.9360
Total Area of cells:			10503.4752
Area of excluded objects:
 - hard_macros         :		0.0000
 - macro_keepouts      :		0.0000
 - soft_macros         :		0.0000
 - io_cells            :		0.0000
 - hard_blockages      :		0.0000

Utilization of site-rows with:
 - Site 'unit':				0.6132

0.6132
