In mode: Internal_scan...
  Design has scan chains in this mode
  Design is scan routed
  Post-DFT DRC enabled

Information: Starting test design rule checking. (TEST-222)
  Loading test protocol
  ...basic checks...
  ...basic sequential cell checks...
  ...checking vector rules...
  ...checking clock rules...
  ...checking scan chain rules...
  ...checking scan compression rules...
  ...checking X-state rules...
  ...checking tristate rules...
  ...extracting scan details...

-----------------------------------------------------------------
  DRC Report

  Total violations: 0

-----------------------------------------------------------------


Test Design rule checking did not find violations

-----------------------------------------------------------------
  Sequential Cell Report

  0 out of 153 sequential cells have violations

-----------------------------------------------------------------

SEQUENTIAL CELLS WITHOUT VIOLATIONS
      * 153 cells are valid scan cells
         ctr_reg_6_
         ctr_reg_5_
         ctr_reg_4_
         ctr_reg_3_
         ctr_reg_2_
         ctr_reg_1_
         ctr_reg_0_
         txr_reg_7_
         txr_reg_6_
         txr_reg_5_
         txr_reg_4_
         txr_reg_3_
         txr_reg_2_
         txr_reg_1_
         txr_reg_0_
         prer_reg_15_
         prer_reg_14_
         prer_reg_13_
         prer_reg_12_
         prer_reg_11_
         prer_reg_10_
         prer_reg_9_
         prer_reg_8_
         prer_reg_7_
         prer_reg_6_
         prer_reg_5_
         prer_reg_4_
         prer_reg_3_
         prer_reg_2_
         prer_reg_1_
         prer_reg_0_
         cr_reg_3_
         cr_reg_7_
         cr_reg_2_
         cr_reg_1_
         cr_reg_0_
         al_reg
         rxack_reg
         tip_reg
         irq_flag_reg
         wb_inta_o_reg
         cr_reg_6_
         ctr_reg_7_
         cr_reg_4_
         cr_reg_5_
         wb_ack_o_reg
         wb_dat_o_reg_4_
         wb_dat_o_reg_3_
         wb_dat_o_reg_2_
         wb_dat_o_reg_1_
         wb_dat_o_reg_0_
         wb_dat_o_reg_6_
         wb_dat_o_reg_5_
         wb_dat_o_reg_7_
         byte_controller/ld_reg
         byte_controller/dcnt_reg[0]
         byte_controller/dcnt_reg[1]
         byte_controller/dcnt_reg[2]
         byte_controller/sr_reg[1]
         byte_controller/sr_reg[2]
         byte_controller/sr_reg[3]
         byte_controller/sr_reg[4]
         byte_controller/sr_reg[5]
         byte_controller/sr_reg[6]
         byte_controller/sr_reg[7]
         byte_controller/core_txd_reg
         byte_controller/sr_reg[0]
         byte_controller/core_cmd_reg[0]
         byte_controller/core_cmd_reg[2]
         byte_controller/ack_out_reg
         byte_controller/cmd_ack_reg
         byte_controller/shift_reg
         byte_controller/core_cmd_reg[1]
         byte_controller/c_state_reg[2]
         byte_controller/core_cmd_reg[3]
         byte_controller/c_state_reg[0]
         byte_controller/c_state_reg[4]
         byte_controller/c_state_reg[1]
         byte_controller/c_state_reg[3]
         byte_controller/bit_controller/cSDA_reg[0]
         byte_controller/bit_controller/cSDA_reg[1]
         byte_controller/bit_controller/cSCL_reg[0]
         byte_controller/bit_controller/cSCL_reg[1]
         byte_controller/bit_controller/filter_cnt_reg[0]
         byte_controller/bit_controller/filter_cnt_reg[7]
         byte_controller/bit_controller/filter_cnt_reg[6]
         byte_controller/bit_controller/fSCL_reg[0]
         byte_controller/bit_controller/fSCL_reg[1]
         byte_controller/bit_controller/fSCL_reg[2]
         byte_controller/bit_controller/fSDA_reg[1]
         byte_controller/bit_controller/fSDA_reg[2]
         byte_controller/bit_controller/sSCL_reg
         byte_controller/bit_controller/sSDA_reg
         byte_controller/bit_controller/dSDA_reg
         byte_controller/bit_controller/sta_condition_reg
         byte_controller/bit_controller/sto_condition_reg
         byte_controller/bit_controller/busy_reg
         byte_controller/bit_controller/dout_reg
         byte_controller/bit_controller/al_reg
         byte_controller/bit_controller/c_state_reg[1]
         byte_controller/bit_controller/c_state_reg[2]
         byte_controller/bit_controller/c_state_reg[3]
         byte_controller/bit_controller/c_state_reg[4]
         byte_controller/bit_controller/c_state_reg[14]
         byte_controller/bit_controller/c_state_reg[15]
         byte_controller/bit_controller/sda_chk_reg
         byte_controller/bit_controller/c_state_reg[16]
         byte_controller/bit_controller/c_state_reg[6]
         byte_controller/bit_controller/c_state_reg[7]
         byte_controller/bit_controller/c_state_reg[8]
         byte_controller/bit_controller/c_state_reg[9]
         byte_controller/bit_controller/c_state_reg[10]
         byte_controller/bit_controller/c_state_reg[11]
         byte_controller/bit_controller/c_state_reg[12]
         byte_controller/bit_controller/dscl_oen_reg
         byte_controller/bit_controller/slave_wait_reg
         byte_controller/bit_controller/cnt_reg[0]
         byte_controller/bit_controller/clk_en_reg
         byte_controller/bit_controller/cmd_ack_reg
         byte_controller/bit_controller/cmd_stop_reg
         byte_controller/bit_controller/cnt_reg[2]
         byte_controller/bit_controller/cnt_reg[3]
         byte_controller/bit_controller/cnt_reg[4]
         byte_controller/bit_controller/cnt_reg[9]
         byte_controller/bit_controller/cnt_reg[14]
         byte_controller/bit_controller/filter_cnt_reg[13]
         byte_controller/bit_controller/filter_cnt_reg[5]
         byte_controller/bit_controller/filter_cnt_reg[4]
         byte_controller/bit_controller/filter_cnt_reg[2]
         byte_controller/bit_controller/cnt_reg[11]
         byte_controller/bit_controller/filter_cnt_reg[8]
         byte_controller/bit_controller/filter_cnt_reg[12]
         byte_controller/bit_controller/filter_cnt_reg[3]
         byte_controller/bit_controller/cnt_reg[7]
         byte_controller/bit_controller/cnt_reg[12]
         byte_controller/bit_controller/filter_cnt_reg[10]
         byte_controller/bit_controller/filter_cnt_reg[11]
         byte_controller/bit_controller/filter_cnt_reg[9]
         byte_controller/bit_controller/cnt_reg[13]
         byte_controller/bit_controller/cnt_reg[6]
         byte_controller/bit_controller/cnt_reg[10]
         byte_controller/bit_controller/cnt_reg[1]
         byte_controller/bit_controller/cnt_reg[5]
         byte_controller/bit_controller/cnt_reg[15]
         byte_controller/bit_controller/cnt_reg[8]
         byte_controller/bit_controller/c_state_reg[5]
         byte_controller/bit_controller/fSDA_reg[0]
         byte_controller/bit_controller/sda_oen_reg
         byte_controller/bit_controller/c_state_reg[13]
         byte_controller/bit_controller/c_state_reg[0]
         byte_controller/bit_controller/filter_cnt_reg[1]
         byte_controller/bit_controller/scl_oen_reg
         byte_controller/bit_controller/dSCL_reg

....Inferring feed-through connections....
Information: Test design rule checking completed. (TEST-123)
1
