 
****************************************
Report : cell
Design : i2c_master_top
Version: O-2018.06-SP1
Date   : Mon Aug 17 20:37:48 2026
****************************************

Attributes:
    b - black box (unknown)
    d - dont_touch
    h - hierarchical
    n - noncombinational
    r - removable
   so - sizing only
    u - contains unmapped logic

Cell                      Reference       Library             Area  Attributes
--------------------------------------------------------------------------------
B_22                      NBUFFX2_HVT     saed90nm_max_hvt
                                                          5.529600  d
B_23                      NBUFFX2_HVT     saed90nm_max_hvt
                                                          5.529600  d
C21                       AND2X1_HVT      saed90nm_max_hvt
                                                          7.372800  
C24                       OR2X1_HVT       saed90nm_max_hvt
                                                          7.372800  
C28                       OR2X1_HVT       saed90nm_max_hvt
                                                          7.372800  
C37                       OR2X1_HVT       saed90nm_max_hvt
                                                          7.372800  
C47                       OR2X1_HVT       saed90nm_max_hvt
                                                          7.372800  
C499                      OR2X1_HVT       saed90nm_max_hvt
                                                          7.372800  
C500                      OR2X1_HVT       saed90nm_max_hvt
                                                          7.372800  
C531                      AND2X1_HVT      saed90nm_max_hvt
                                                          7.372800  
C570                      AND2X1_HVT      saed90nm_max_hvt
                                                          7.372800  
C572                      OR2X1_HVT       saed90nm_max_hvt
                                                          7.372800  
C580                      OR2X1_HVT       saed90nm_max_hvt
                                                          7.372800  
C581                      AND2X1_HVT      saed90nm_max_hvt
                                                          7.372800  
C583                      OR2X1_HVT       saed90nm_max_hvt
                                                          7.372800  
C584                      AND2X1_HVT      saed90nm_max_hvt
                                                          7.372800  
C585                      OR2X1_HVT       saed90nm_max_hvt
                                                          7.372800  
C586                      OR2X1_HVT       saed90nm_max_hvt
                                                          7.372800  
C592                      AND2X1_HVT      saed90nm_max_hvt
                                                          7.372800  
I_0                       INVX1_HVT       saed90nm_max_hvt
                                                          6.451200  
I_1                       INVX1_HVT       saed90nm_max_hvt
                                                          6.451200  
I_4                       INVX1_HVT       saed90nm_max_hvt
                                                          6.451200  
I_6                       INVX1_HVT       saed90nm_max_hvt
                                                          6.451200  
I_7                       INVX1_HVT       saed90nm_max_hvt
                                                          6.451200  
I_8                       INVX1_HVT       saed90nm_max_hvt
                                                          6.451200  
I_9                       INVX1_HVT       saed90nm_max_hvt
                                                          6.451200  
I_10                      INVX1_HVT       saed90nm_max_hvt
                                                          6.451200  
I_11                      INVX1_HVT       saed90nm_max_hvt
                                                          6.451200  
I_14                      INVX1_HVT       saed90nm_max_hvt
                                                          6.451200  
I_21                      INVX1_HVT       saed90nm_max_hvt
                                                          6.451200  d
I_25                      INVX1_HVT       saed90nm_max_hvt
                                                          6.451200  d
U3                        NAND2X0_HVT     saed90nm_max_hvt
                                                          5.529600  
U5                        INVX0_HVT       saed90nm_max_hvt
                                                          5.529600  
U6                        INVX0_HVT       saed90nm_max_hvt
                                                          5.529600  
U7                        INVX0_HVT       saed90nm_max_hvt
                                                          5.529600  
U8                        INVX0_HVT       saed90nm_max_hvt
                                                          5.529600  
U9                        INVX0_HVT       saed90nm_max_hvt
                                                          5.529600  
U10                       INVX0_HVT       saed90nm_max_hvt
                                                          5.529600  
U11                       INVX0_HVT       saed90nm_max_hvt
                                                          5.529600  
U12                       INVX0_HVT       saed90nm_max_hvt
                                                          5.529600  
U14                       AO21X1_HVT      saed90nm_max_hvt
                                                          10.137600 
U17                       NAND2X0_HVT     saed90nm_max_hvt
                                                          5.529600  
U19                       NAND2X0_HVT     saed90nm_max_hvt
                                                          5.529600  
U21                       NAND2X0_HVT     saed90nm_max_hvt
                                                          5.529600  
U23                       NAND2X0_HVT     saed90nm_max_hvt
                                                          5.529600  
U27                       NAND2X0_HVT     saed90nm_max_hvt
                                                          5.529600  
U29                       NAND2X0_HVT     saed90nm_max_hvt
                                                          5.529600  
U31                       NAND2X0_HVT     saed90nm_max_hvt
                                                          5.529600  
U33                       NAND2X0_HVT     saed90nm_max_hvt
                                                          5.529600  
U34                       NAND2X0_HVT     saed90nm_max_hvt
                                                          5.529600  
U37                       NOR2X0_HVT      saed90nm_max_hvt
                                                          5.529600  
U38                       INVX0_HVT       saed90nm_max_hvt
                                                          5.529600  d
U39                       NAND2X0_HVT     saed90nm_max_hvt
                                                          5.529600  
U40                       NAND2X0_HVT     saed90nm_max_hvt
                                                          5.529600  
U41                       INVX0_HVT       saed90nm_max_hvt
                                                          5.529600  
U42                       OR2X1_HVT       saed90nm_max_hvt
                                                          7.372800  
U43                       AO222X1_HVT     saed90nm_max_hvt
                                                          14.745600 
U44                       AO221X1_HVT     saed90nm_max_hvt
                                                          12.902400 
U45                       AO22X1_HVT      saed90nm_max_hvt
                                                          11.980800 
U46                       OR2X1_HVT       saed90nm_max_hvt
                                                          7.372800  
U47                       AO222X1_HVT     saed90nm_max_hvt
                                                          14.745600 
U48                       AO221X1_HVT     saed90nm_max_hvt
                                                          12.902400 
U49                       AO22X1_HVT      saed90nm_max_hvt
                                                          11.980800 
U50                       OR2X1_HVT       saed90nm_max_hvt
                                                          7.372800  
U51                       AO222X1_HVT     saed90nm_max_hvt
                                                          14.745600 
U52                       AO221X1_HVT     saed90nm_max_hvt
                                                          12.902400 
U53                       AO22X1_HVT      saed90nm_max_hvt
                                                          11.980800 
U54                       NAND2X0_HVT     saed90nm_max_hvt
                                                          5.529600  
U55                       AOI222X1_HVT    saed90nm_max_hvt
                                                          15.667200 
U56                       AOI222X1_HVT    saed90nm_max_hvt
                                                          15.667200 
U57                       NAND2X0_HVT     saed90nm_max_hvt
                                                          5.529600  
U58                       AOI222X1_HVT    saed90nm_max_hvt
                                                          15.667200 
U59                       AOI222X1_HVT    saed90nm_max_hvt
                                                          15.667200 
U60                       NAND2X0_HVT     saed90nm_max_hvt
                                                          5.529600  
U61                       AOI222X1_HVT    saed90nm_max_hvt
                                                          15.667200 
U62                       AOI222X1_HVT    saed90nm_max_hvt
                                                          15.667200 
U63                       OR2X1_HVT       saed90nm_max_hvt
                                                          7.372800  
U64                       AO222X1_HVT     saed90nm_max_hvt
                                                          14.745600 
U65                       AO221X1_HVT     saed90nm_max_hvt
                                                          12.902400 
U66                       AO22X1_HVT      saed90nm_max_hvt
                                                          11.980800 
U67                       OR2X1_HVT       saed90nm_max_hvt
                                                          7.372800  
U68                       AO222X1_HVT     saed90nm_max_hvt
                                                          14.745600 
U69                       AO221X1_HVT     saed90nm_max_hvt
                                                          12.902400 
U70                       AO22X1_HVT      saed90nm_max_hvt
                                                          11.980800 
U71                       AND2X1_HVT      saed90nm_max_hvt
                                                          7.372800  
U72                       OR2X1_HVT       saed90nm_max_hvt
                                                          7.372800  
U73                       NAND2X0_HVT     saed90nm_max_hvt
                                                          5.529600  
U74                       NAND2X0_HVT     saed90nm_max_hvt
                                                          5.529600  
U75                       INVX0_HVT       saed90nm_max_hvt
                                                          5.529600  
U76                       NAND2X0_HVT     saed90nm_max_hvt
                                                          5.529600  
U77                       NAND2X0_HVT     saed90nm_max_hvt
                                                          5.529600  
U78                       INVX0_HVT       saed90nm_max_hvt
                                                          5.529600  
U79                       OR2X1_HVT       saed90nm_max_hvt
                                                          7.372800  
U80                       INVX0_HVT       saed90nm_max_hvt
                                                          5.529600  
U81                       AND2X1_HVT      saed90nm_max_hvt
                                                          7.372800  
U82                       AND2X1_HVT      saed90nm_max_hvt
                                                          7.372800  
U83                       AND2X1_HVT      saed90nm_max_hvt
                                                          7.372800  
U84                       AND2X1_HVT      saed90nm_max_hvt
                                                          7.372800  
U85                       AND2X1_HVT      saed90nm_max_hvt
                                                          7.372800  
U88                       AND2X1_HVT      saed90nm_max_hvt
                                                          7.372800  
U89                       AND2X1_HVT      saed90nm_max_hvt
                                                          7.372800  
U90                       AND2X1_HVT      saed90nm_max_hvt
                                                          7.372800  
U92                       AND2X1_HVT      saed90nm_max_hvt
                                                          7.372800  
U93                       AND2X1_HVT      saed90nm_max_hvt
                                                          7.372800  
U94                       AND2X1_HVT      saed90nm_max_hvt
                                                          7.372800  
U95                       AND2X1_HVT      saed90nm_max_hvt
                                                          7.372800  
U97                       AO21X1_HVT      saed90nm_max_hvt
                                                          10.137600 
U108                      MUX21X1_HVT     saed90nm_max_hvt
                                                          11.059200 
U109                      MUX21X1_HVT     saed90nm_max_hvt
                                                          11.059200 
U110                      MUX21X1_HVT     saed90nm_max_hvt
                                                          11.059200 
U111                      MUX21X1_HVT     saed90nm_max_hvt
                                                          11.059200 
U112                      MUX21X1_HVT     saed90nm_max_hvt
                                                          11.059200 
U113                      MUX21X1_HVT     saed90nm_max_hvt
                                                          11.059200 
U114                      MUX21X1_HVT     saed90nm_max_hvt
                                                          11.059200 
U115                      MUX21X1_HVT     saed90nm_max_hvt
                                                          11.059200 
U116                      MUX21X1_HVT     saed90nm_max_hvt
                                                          11.059200 
U117                      MUX21X1_HVT     saed90nm_max_hvt
                                                          11.059200 
U118                      MUX21X1_HVT     saed90nm_max_hvt
                                                          11.059200 
U119                      MUX21X1_HVT     saed90nm_max_hvt
                                                          11.059200 
U120                      MUX21X1_HVT     saed90nm_max_hvt
                                                          11.059200 
U121                      MUX21X1_HVT     saed90nm_max_hvt
                                                          11.059200 
U122                      MUX21X1_HVT     saed90nm_max_hvt
                                                          11.059200 
U123                      MUX21X1_HVT     saed90nm_max_hvt
                                                          11.059200 
U125                      MUX21X1_HVT     saed90nm_max_hvt
                                                          11.059200 
U127                      MUX21X1_HVT     saed90nm_max_hvt
                                                          11.059200 
U129                      MUX21X1_HVT     saed90nm_max_hvt
                                                          11.059200 
U131                      MUX21X1_HVT     saed90nm_max_hvt
                                                          11.059200 
U132                      MUX21X1_HVT     saed90nm_max_hvt
                                                          11.059200 
U133                      MUX21X1_HVT     saed90nm_max_hvt
                                                          11.059200 
U134                      MUX21X1_HVT     saed90nm_max_hvt
                                                          11.059200 
U135                      MUX21X1_HVT     saed90nm_max_hvt
                                                          11.059200 
U136                      MUX21X1_HVT     saed90nm_max_hvt
                                                          11.059200 
U137                      MUX21X1_HVT     saed90nm_max_hvt
                                                          11.059200 
U138                      MUX21X1_HVT     saed90nm_max_hvt
                                                          11.059200 
U139                      MUX21X1_HVT     saed90nm_max_hvt
                                                          11.059200 
U140                      NAND2X1_HVT     saed90nm_max_hvt
                                                          5.529600  
U141                      INVX0_HVT       saed90nm_max_hvt
                                                          5.529600  
U142                      NAND2X1_HVT     saed90nm_max_hvt
                                                          5.529600  
U144                      INVX0_HVT       saed90nm_max_hvt
                                                          5.529600  
U145                      INVX0_HVT       saed90nm_max_hvt
                                                          5.529600  
U146                      INVX0_HVT       saed90nm_max_hvt
                                                          5.529600  
U147                      INVX0_HVT       saed90nm_max_hvt
                                                          5.529600  
U148                      INVX0_HVT       saed90nm_max_hvt
                                                          5.529600  
U149                      INVX0_HVT       saed90nm_max_hvt
                                                          5.529600  
U150                      INVX0_HVT       saed90nm_max_hvt
                                                          5.529600  
U151                      INVX0_HVT       saed90nm_max_hvt
                                                          5.529600  
U152                      IBUFFX8_HVT     saed90nm_max_hvt
                                                          18.431999 
U154                      NOR2X0_HVT      saed90nm_max_hvt
                                                          5.529600  
U155                      NOR2X0_HVT      saed90nm_max_hvt
                                                          5.529600  
U156                      NBUFFX2_HVT     saed90nm_max_hvt
                                                          5.529600  
U157                      IBUFFX4_HVT     saed90nm_max_hvt
                                                          12.902400 
U158                      OR3X2_HVT       saed90nm_max_hvt
                                                          11.059200 
U159                      OR3X2_HVT       saed90nm_max_hvt
                                                          11.059200 
U160                      AO21X1_HVT      saed90nm_max_hvt
                                                          10.137600 
U161                      AO21X1_HVT      saed90nm_max_hvt
                                                          10.137600 
U162                      OAI21X1_HVT     saed90nm_max_hvt
                                                          11.059200 
U163                      INVX32_HVT      saed90nm_max_hvt
                                                          47.001598 d
U164                      MUX21X1_HVT     saed90nm_max_hvt
                                                          11.059200 
U165                      MUX21X1_HVT     saed90nm_max_hvt
                                                          11.059200 
U166                      MUX21X1_HVT     saed90nm_max_hvt
                                                          11.059200 
U167                      MUX21X1_HVT     saed90nm_max_hvt
                                                          11.059200 
U168                      MUX21X1_HVT     saed90nm_max_hvt
                                                          11.059200 
U169                      MUX21X1_HVT     saed90nm_max_hvt
                                                          11.059200 
U170                      INVX0_HVT       saed90nm_max_hvt
                                                          5.529600  
U171                      IBUFFX8_HVT     saed90nm_max_hvt
                                                          18.431999 
U172                      MUX21X1_HVT     saed90nm_max_hvt
                                                          11.059200 
U173                      MUX21X2_HVT     saed90nm_max_hvt
                                                          12.902400 
U174                      AND2X1_HVT      saed90nm_max_hvt
                                                          7.372800  
U175                      AND2X2_HVT      saed90nm_max_hvt
                                                          8.294400  
U176                      INVX0_HVT       saed90nm_max_hvt
                                                          5.529600  
U177                      NOR2X0_HVT      saed90nm_max_hvt
                                                          5.529600  
U178                      NBUFFX2_HVT     saed90nm_max_hvt
                                                          5.529600  
U179                      INVX1_HVT       saed90nm_max_hvt
                                                          6.451200  
U180                      MUX21X2_HVT     saed90nm_max_hvt
                                                          12.902400 
U181                      INVX0_HVT       saed90nm_max_hvt
                                                          5.529600  
U182                      AO21X1_HVT      saed90nm_max_hvt
                                                          10.137600 
U183                      NBUFFX2_HVT     saed90nm_max_hvt
                                                          5.529600  
U184                      NBUFFX2_HVT     saed90nm_max_hvt
                                                          5.529600  
U185                      INVX32_HVT      saed90nm_max_hvt
                                                          47.001598 d
U186                      NAND2X1_HVT     saed90nm_max_hvt
                                                          5.529600  
U187                      OR2X1_HVT       saed90nm_max_hvt
                                                          7.372800  
U188                      OR2X1_HVT       saed90nm_max_hvt
                                                          7.372800  
U189                      INVX0_HVT       saed90nm_max_hvt
                                                          5.529600  
U190                      MUX21X2_HVT     saed90nm_max_hvt
                                                          12.902400 
U191                      NAND2X0_HVT     saed90nm_max_hvt
                                                          5.529600  
U192                      NAND2X0_HVT     saed90nm_max_hvt
                                                          5.529600  
U193                      IBUFFX32_HVT    saed90nm_max_hvt
                                                          56.217602 
U194                      IBUFFX32_HVT    saed90nm_max_hvt
                                                          56.217602 
U195                      IBUFFX32_HVT    saed90nm_max_hvt
                                                          56.217602 
U196                      IBUFFX32_HVT    saed90nm_max_hvt
                                                          56.217602 
U197                      IBUFFX32_HVT    saed90nm_max_hvt
                                                          56.217602 
U198                      MUX21X1_HVT     saed90nm_max_hvt
                                                          11.059200 so
U199                      MUX21X1_HVT     saed90nm_max_hvt
                                                          11.059200 so
U200                      INVX0_HVT       saed90nm_max_hvt
                                                          5.529600  
U201                      INVX1_HVT       saed90nm_max_hvt
                                                          6.451200  
U202                      NAND2X1_HVT     saed90nm_max_hvt
                                                          5.529600  
U203                      NAND2X1_HVT     saed90nm_max_hvt
                                                          5.529600  
U204                      NAND2X1_HVT     saed90nm_max_hvt
                                                          5.529600  
U205                      NAND2X1_HVT     saed90nm_max_hvt
                                                          5.529600  
U206                      NAND2X1_HVT     saed90nm_max_hvt
                                                          5.529600  
U207                      NAND2X1_HVT     saed90nm_max_hvt
                                                          5.529600  
U208                      NAND2X1_HVT     saed90nm_max_hvt
                                                          5.529600  
U209                      NAND2X1_HVT     saed90nm_max_hvt
                                                          5.529600  
U210                      MUX21X2_HVT     saed90nm_max_hvt
                                                          12.902400 
U211                      AND2X4_HVT      saed90nm_max_hvt
                                                          11.059200 
U212                      OR2X2_HVT       saed90nm_max_hvt
                                                          9.216000  
U213                      MUX21X2_HVT     saed90nm_max_hvt
                                                          12.902400 
U214                      INVX4_HVT       saed90nm_max_hvt
                                                          9.216000  
U215                      INVX1_HVT       saed90nm_max_hvt
                                                          6.451200  
U216                      INVX4_HVT       saed90nm_max_hvt
                                                          9.216000  
U217                      INVX1_HVT       saed90nm_max_hvt
                                                          6.451200  
U218                      INVX4_HVT       saed90nm_max_hvt
                                                          9.216000  
U219                      INVX1_HVT       saed90nm_max_hvt
                                                          6.451200  
U220                      INVX4_HVT       saed90nm_max_hvt
                                                          9.216000  
U221                      INVX1_HVT       saed90nm_max_hvt
                                                          6.451200  
U222                      INVX0_HVT       saed90nm_max_hvt
                                                          5.529600  
U223                      AND2X4_HVT      saed90nm_max_hvt
                                                          11.059200 
U332                      INVX4_HVT       saed90nm_max_hvt
                                                          9.216000  
U333                      INVX1_HVT       saed90nm_max_hvt
                                                          6.451200  
U334                      INVX4_HVT       saed90nm_max_hvt
                                                          9.216000  
U335                      INVX1_HVT       saed90nm_max_hvt
                                                          6.451200  
U336                      INVX4_HVT       saed90nm_max_hvt
                                                          9.216000  
U337                      INVX1_HVT       saed90nm_max_hvt
                                                          6.451200  
U338                      INVX4_HVT       saed90nm_max_hvt
                                                          9.216000  
U339                      IBUFFX32_HVT    saed90nm_max_hvt
                                                          56.217602 
U340                      IBUFFX32_HVT    saed90nm_max_hvt
                                                          56.217602 
U341                      IBUFFX32_HVT    saed90nm_max_hvt
                                                          56.217602 
al_reg                    SDFFARX1_HVT    saed90nm_max_hvt
                                                          37.785599 n
byte_controller           i2c_master_byte_ctrl            9916.415938
                                                                    h, n
cr_reg_0_                 SDFFARX1_HVT    saed90nm_max_hvt
                                                          37.785599 n
cr_reg_1_                 SDFFARX1_HVT    saed90nm_max_hvt
                                                          37.785599 n
cr_reg_2_                 SDFFARX1_HVT    saed90nm_max_hvt
                                                          37.785599 n
cr_reg_3_                 SDFFARX1_HVT    saed90nm_max_hvt
                                                          37.785599 n
cr_reg_4_                 SDFFARX1_HVT    saed90nm_max_hvt
                                                          37.785599 n
cr_reg_5_                 SDFFARX1_HVT    saed90nm_max_hvt
                                                          37.785599 n
cr_reg_6_                 SDFFARX1_HVT    saed90nm_max_hvt
                                                          37.785599 n
cr_reg_7_                 SDFFARX1_HVT    saed90nm_max_hvt
                                                          37.785599 n
ctr_reg_0_                SDFFARX1_HVT    saed90nm_max_hvt
                                                          37.785599 n
ctr_reg_1_                SDFFARX1_HVT    saed90nm_max_hvt
                                                          37.785599 n
ctr_reg_2_                SDFFARX1_HVT    saed90nm_max_hvt
                                                          37.785599 n
ctr_reg_3_                SDFFARX1_HVT    saed90nm_max_hvt
                                                          37.785599 n
ctr_reg_4_                SDFFARX1_HVT    saed90nm_max_hvt
                                                          37.785599 n
ctr_reg_5_                SDFFARX1_HVT    saed90nm_max_hvt
                                                          37.785599 n
ctr_reg_6_                SDFFARX1_HVT    saed90nm_max_hvt
                                                          37.785599 n
ctr_reg_7_                SDFFARX1_HVT    saed90nm_max_hvt
                                                          37.785599 n
irq_flag_reg              SDFFARX1_HVT    saed90nm_max_hvt
                                                          37.785599 n
prer_reg_0_               SDFFASX1_HVT    saed90nm_max_hvt
                                                          36.863998 n
prer_reg_1_               SDFFASX1_HVT    saed90nm_max_hvt
                                                          36.863998 n
prer_reg_2_               SDFFASX1_HVT    saed90nm_max_hvt
                                                          36.863998 n
prer_reg_3_               SDFFASX1_HVT    saed90nm_max_hvt
                                                          36.863998 n
prer_reg_4_               SDFFASX1_HVT    saed90nm_max_hvt
                                                          36.863998 n
prer_reg_5_               SDFFASX1_HVT    saed90nm_max_hvt
                                                          36.863998 n
prer_reg_6_               SDFFASX1_HVT    saed90nm_max_hvt
                                                          36.863998 n
prer_reg_7_               SDFFASX1_HVT    saed90nm_max_hvt
                                                          36.863998 n
prer_reg_8_               SDFFASX1_HVT    saed90nm_max_hvt
                                                          36.863998 n
prer_reg_9_               SDFFASX1_HVT    saed90nm_max_hvt
                                                          36.863998 n
prer_reg_10_              SDFFASX1_HVT    saed90nm_max_hvt
                                                          36.863998 n
prer_reg_11_              SDFFASX1_HVT    saed90nm_max_hvt
                                                          36.863998 n
prer_reg_12_              SDFFASX1_HVT    saed90nm_max_hvt
                                                          36.863998 n
prer_reg_13_              SDFFASX1_HVT    saed90nm_max_hvt
                                                          36.863998 n
prer_reg_14_              SDFFASX1_HVT    saed90nm_max_hvt
                                                          36.863998 n
prer_reg_15_              SDFFASX1_HVT    saed90nm_max_hvt
                                                          36.863998 n
rxack_reg                 SDFFARX1_HVT    saed90nm_max_hvt
                                                          37.785599 n
tip_reg                   SDFFARX1_HVT    saed90nm_max_hvt
                                                          37.785599 n
txr_reg_0_                SDFFARX1_HVT    saed90nm_max_hvt
                                                          37.785599 n
txr_reg_1_                SDFFARX1_HVT    saed90nm_max_hvt
                                                          37.785599 n
txr_reg_2_                SDFFARX1_HVT    saed90nm_max_hvt
                                                          37.785599 n
txr_reg_3_                SDFFARX1_HVT    saed90nm_max_hvt
                                                          37.785599 n
txr_reg_4_                SDFFARX1_HVT    saed90nm_max_hvt
                                                          37.785599 n
txr_reg_5_                SDFFARX1_HVT    saed90nm_max_hvt
                                                          37.785599 n
txr_reg_6_                SDFFARX1_HVT    saed90nm_max_hvt
                                                          37.785599 n
txr_reg_7_                SDFFARX1_HVT    saed90nm_max_hvt
                                                          37.785599 n
wb_ack_o_reg              SDFFX1_HVT      saed90nm_max_hvt
                                                          30.412800 n
wb_dat_o_reg_0_           SDFFX1_HVT      saed90nm_max_hvt
                                                          30.412800 n
wb_dat_o_reg_1_           SDFFX1_HVT      saed90nm_max_hvt
                                                          30.412800 n
wb_dat_o_reg_2_           SDFFX1_HVT      saed90nm_max_hvt
                                                          30.412800 n
wb_dat_o_reg_3_           SDFFX1_HVT      saed90nm_max_hvt
                                                          30.412800 n
wb_dat_o_reg_4_           SDFFX1_HVT      saed90nm_max_hvt
                                                          30.412800 n
wb_dat_o_reg_5_           SDFFX1_HVT      saed90nm_max_hvt
                                                          30.412800 n
wb_dat_o_reg_6_           SDFFX1_HVT      saed90nm_max_hvt
                                                          30.412800 n
wb_dat_o_reg_7_           SDFFX1_HVT      saed90nm_max_hvt
                                                          30.412800 n
wb_inta_o_reg             SDFFARX1_HVT    saed90nm_max_hvt
                                                          37.785599 n
--------------------------------------------------------------------------------
Total 282 cells                                           14249.779096
1
