 
****************************************
Report : area
Design : i2c_master_top
Version: O-2018.06-SP1
Date   : Mon Aug 17 20:37:48 2026
****************************************

Library(s) Used:

    saed90nm_max_hvt (File: /home/ICer/Downloads/Lib/synopsys/models/saed90nm_max_hvt.db)

Number of ports:                          193
Number of nets:                          1596
Number of cells:                         1375
Number of combinational cells:            906
Number of sequential cells:               465
Number of macros/black boxes:               0
Number of buf/inv:                        402
Number of references:                      29

Combinational area:               8576.409684
Buf/Inv area:                     4240.281677
Noncombinational area:            5673.369411
Macro/Black Box area:                0.000000
Net Interconnect area:             479.651833

Total cell area:                 14249.779096
Total area:                      14729.430929
1
