 
****************************************
Report : qor
Design : i2c_master_top
Version: O-2018.06-SP1
Date   : Mon Aug 17 20:37:48 2026
****************************************


  Timing Path Group (none)
  -----------------------------------
  Levels of Logic:               1.00
  Critical Path Length:          5.60
  Critical Path Slack:         uninit
  Critical Path Clk Period:      8.00
  Total Negative Slack:          0.00
  No. of Violating Paths:        0.00
  Worst Hold Violation:          0.00
  Total Hold Violation:          0.00
  No. of Hold Violations:        0.00
  -----------------------------------


  Cell Count
  -----------------------------------
  Hierarchical Cell Count:          4
  Hierarchical Port Count:        150
  Leaf Cell Count:               1059
  Buf/Inv Cell Count:             402
  Buf Cell Count:                  81
  Inv Cell Count:                 321
  CT Buf/Inv Cell Count:            0
  Combinational Cell Count:       906
  Sequential Cell Count:          153
  Macro Count:                      0
  -----------------------------------


  Area
  -----------------------------------
  Combinational Area:     8576.409684
  Noncombinational Area:  5673.369411
  Buf/Inv Area:           4240.281677
  Total Buffer Area:           470.94
  Total Inverter Area:        3769.34
  Macro/Black Box Area:      0.000000
  Net Area:                479.651833
  -----------------------------------
  Cell Area:             14249.779096
  Design Area:           14729.430929


  Design Rules
  -----------------------------------
  Total Number of Nets:          1452
  Nets With Violations:             0
  Max Trans Violations:             0
  Max Cap Violations:               0
  -----------------------------------


  Hostname: IC_EDA

  Compile CPU Statistics
  -----------------------------------------
  Resource Sharing:                    0.07
  Logic Optimization:                  0.03
  Mapping Optimization:                0.66
  -----------------------------------------
  Overall Compile Time:                1.73
  Overall Compile Wall Clock Time:     1.85

  --------------------------------------------------------------------

  Design  WNS: 0.00  TNS: 0.00  Number of Violating Paths: 0


  Design (Hold)  WNS: 0.00  TNS: 0.00  Number of Violating Paths: 0

  --------------------------------------------------------------------


1
