Information: Propagating switching activity (low effort zero delay simulation). (PWR-6)
Warning: Design has unannotated primary inputs. (PWR-414)
Warning: Design has unannotated sequential cell outputs. (PWR-415)
 
****************************************
Report : power
        -analysis_effort low
Design : i2c_master_top
Version: O-2018.06-SP1
Date   : Tue Aug 18 02:08:11 2026
****************************************


Library(s) Used:

    saed90nm_max_hvt (File: /home/ICer/Downloads/Lib/synopsys/models/saed90nm_max_hvt.db)


Operating Conditions: WORST   Library: saed90nm_max_hvt
Wire Load Model Mode: enclosed

Design        Wire Load Model            Library
------------------------------------------------
i2c_master_top         16000             saed90nm_max_hvt
i2c_master_byte_ctrl_test_1
                       16000             saed90nm_max_hvt
i2c_master_bit_ctrl_test_1
                       8000              saed90nm_max_hvt
i2c_master_bit_ctrl_DW01_dec_0
                       8000              saed90nm_max_hvt
i2c_master_bit_ctrl_DW01_dec_1
                       8000              saed90nm_max_hvt


Global Operating Voltage = 0.7  
Power-specific unit information :
    Voltage Units = 1V
    Capacitance Units = 1.000000ff
    Time Units = 1ns
    Dynamic Power Units = 1uW    (derived from V,C,T units)
    Leakage Power Units = 1pW


  Cell Internal Power  =  22.9958 uW   (83%)
  Net Switching Power  =   4.8447 uW   (17%)
                         ---------
Total Dynamic Power    =  27.8406 uW  (100%)

Cell Leakage Power     =  29.5782 uW


                 Internal         Switching           Leakage            Total
Power Group      Power            Power               Power              Power   (   %    )  Attrs
--------------------------------------------------------------------------------------------------
io_pad             0.0000            0.0000            0.0000            0.0000  (   0.00%)
memory             0.0000            0.0000            0.0000            0.0000  (   0.00%)
black_box          0.0000            0.0000            0.0000            0.0000  (   0.00%)
clock_network      5.4563            0.7329        7.7948e+05            6.9687  (  12.14%)
register       -5.8725e-01            0.2449        2.3201e+07           22.8586 (  39.81%)
sequential         0.0000            0.0000            0.0000            0.0000  (   0.00%)
combinational     18.1268            3.8668        5.5978e+06           27.5914  (  48.05%)
--------------------------------------------------------------------------------------------------
Total             22.9959 uW         4.8447 uW     2.9578e+07 pW        57.4188 uW
1
