Information: Using 12 threads for LVS
[Check Net] Init	[Check Short] Stage 1	Elapsed =    0:00:00, CPU =    0:00:00
Elapsed =    0:00:00, CPU =    0:00:00
[Check Short] Stage 1-2	Elapsed =    0:00:00, CPU =    0:00:00
[Check Net] 10% 	Elapsed =    0:00:00, CPU =    0:00:00
[Check Net] 20% 	Elapsed =    0:00:00, CPU =    0:00:00
[Check Net] 30% 	Elapsed =    0:00:00, CPU =    0:00:00
[Check Net] 40% 	Elapsed =    0:00:00, CPU =    0:00:00
[Check Net] 50% 	Elapsed =    0:00:00, CPU =    0:00:00
[Check Net] 60% 	Elapsed =    0:00:00, CPU =    0:00:01
[Check Net] 70% 	Elapsed =    0:00:00, CPU =    0:00:01
[Check Net] 80% 	Elapsed =    0:00:00, CPU =    0:00:01
[Check Net] 90% 	Elapsed =    0:00:00, CPU =    0:00:01
[Check Net] All nets are submitted.
[Check Short] Stage 2	Elapsed =    0:00:00, CPU =    0:00:01
[Check Net] 100% 	Elapsed =    0:00:00, CPU =    0:00:01
[Check Net] 100%	Elapsed =    0:00:00, CPU =    0:00:01
[Check Short] Stage 2-2	Elapsed =    0:00:00, CPU =    0:00:01
[Check Short] Stage 3	Elapsed =    0:00:00, CPU =    0:00:01
[Check Short] End	Elapsed =    0:00:00, CPU =    0:00:01
Information: Detected open violation for Net VDD. BBox: (0.0000 0.0000)(152.1600 149.6000). (RT-585)
Information: Detected short violation. Net1: VSS. Net2: scl_pad_o. BBox: (0.1400 24.0000)(0.3000 24.1600). Layer: M3. (RT-586)
Information: Detected short violation. Net1: VSS. Net2: scl_pad_o. BBox: (0.2750 24.0000)(0.3000 24.1600). Layer: M3. (RT-586)
Information: Detected short violation. Net1: VSS. Net2: sda_pad_o. BBox: (0.1400 8.0000)(0.3000 8.1600). Layer: M3. (RT-586)
Total number of input nets is 900.
Total number of short violations is 3.
Total number of open nets is 1.
Open nets are VDD 
Total number of floating route violations is 0.

Elapsed =    0:00:01, CPU =    0:00:02
1
