****************************************
Report : qor
        -summary
Design : i2c_master_top
Version: O-2018.06-SP1
Date   : Sun Sep 20 00:57:24 2026
****************************************
Information: Timer using 'SI, Timing Window Analysis, CRPR'. (TIM-050)

Timing
---------------------------------------------------------------------------
Context                                 WNS            TNS            NVE
---------------------------------------------------------------------------
Design             (Setup)             2.62           0.00              0

Design             (Hold)              0.50           0.00              0
---------------------------------------------------------------------------

Miscellaneous
---------------------------------------------------------------------------
Cell Area (netlist):                          10281.37
Cell Area (netlist and physical only):        17127.94
Nets with DRC Violations:        0
1
