Warning: Cell contains tie connections which are not connected to real PG. (ZRT-511)
Warning: Ignore contact DIFFCON. (ZRT-015)
Turn off antenna since no rule is specified
Cell Min-Routing-Layer = M2
Cell Max-Routing-Layer = M9
Info: number of net_type_blockage: 0 
Warning: Contact VIA89's lower layer enclosure width does not satisfy end of line enclosure design rule. (ZRT-042)
Warning: Contact VIA89's upper layer enclosure width does not satisfy end of line enclosure design rule. (ZRT-042)
Warning: Contact VIA89's lower layer enclosure height does not satisfy end of line enclosure design rule. (ZRT-042)
Warning: Contact VIA89's upper layer enclosure height does not satisfy end of line enclosure design rule. (ZRT-042)
Warning: Contact VIA89C's lower layer enclosure height does not satisfy end of line enclosure design rule. (ZRT-042)
Warning: Contact VIA89C's upper layer enclosure width does not satisfy end of line enclosure design rule. (ZRT-042)
Warning: Contact VIA89C's lower layer enclosure width does not satisfy end of line enclosure design rule. (ZRT-042)
Warning: Contact VIA89C's upper layer enclosure height does not satisfy end of line enclosure design rule. (ZRT-042)
Via on layer (VIA1) needs more than one tracks
Warning: Layer M1 pitch 0.320 may be too small: wire/via-down 0.315, wire/via-up 0.330. (ZRT-026)
Via on layer (VIA1) needs more than one tracks
Warning: Layer M2 pitch 0.320 may be too small: wire/via-down 0.360, wire/via-up 0.320. (ZRT-026)
soft rule ICC2_GENERATED_DEFAULT_SPACING_RULE_3_8_wire is redundant
soft rule LOPT_M3_M8_3_8_wire is redundant
soft rule LOPT_M7_M8_3_8_wire is redundant


Start checking for open nets ... 

Total number of nets = 899, of which 0 are not extracted
Total number of open nets = 0, of which 0 are frozen

Check 899 nets, 0 have Errors

[CHECK OPEN NETS] Elapsed real time: 0:00:00 
[CHECK OPEN NETS] Elapsed cpu  time: sys=0:00:00 usr=0:00:00 total=0:00:00
[CHECK OPEN NETS] Stage (MB): Used    0  Alloctr    0  Proc    0 
[CHECK OPEN NETS] Total (MB): Used   69  Alloctr   71  Proc 2717 
Printing options for 'route.common.*'
common.verbose_level                                    :	 0                   

Printing options for 'route.detail.*'
detail.antenna                                          :	 true                
detail.eco_max_number_of_iterations                     :	 20                  
detail.force_end_on_preferred_grid                      :	 true                

Printing options for 'route.auto_via_ladder.*'


Begin full DRC check ...

Information: Using 12 threads for routing. (ZRT-444)
Checked	1/4 Partitions, Violations =	2
Checked	2/4 Partitions, Violations =	2
Checked	3/4 Partitions, Violations =	2
Checked	4/4 Partitions, Violations =	2
[DRC CHECK] Elapsed real time: 0:00:00 
[DRC CHECK] Elapsed cpu  time: sys=0:00:00 usr=0:00:00 total=0:00:00
[DRC CHECK] Stage (MB): Used    0  Alloctr    0  Proc    0 
[DRC CHECK] Total (MB): Used   83  Alloctr   85  Proc 2717 
Warning: No antenna rules defined, Skip antenna analysis. (ZRT-309)

DRC-SUMMARY:
	@@@@@@@ TOTAL VIOLATIONS =	2
	Diff net spacing : 1
	Short : 1


Total Wire Length =                    25938 micron
Total Number of Contacts =             6683
Total Number of Wires =                6297
Total Number of PtConns =              648
Total Number of Routed Wires =       6297
Total Routed Wire Length =           25787 micron
Total Number of Routed Contacts =       6683
	Layer          M1 :         97 micron
	Layer          M2 :      10013 micron
	Layer          M3 :       9839 micron
	Layer          M4 :       3231 micron
	Layer          M5 :       2539 micron
	Layer          M6 :        142 micron
	Layer          M7 :         77 micron
	Layer          M8 :          0 micron
	Layer          M9 :          0 micron
	Via        VIA67C :          8
	Via        VIA56C :          6
	Via   VIA56C(rot) :         10
	Via        VIA45C :        188
	Via        VIA34C :         26
	Via   VIA34C(rot) :        427
	Via        VIA23C :       3181
	Via        VIA12C :          6
	Via   VIA12C(rot) :       2320
	Via        VIA12B :         21
	Via   VIA12B(rot) :        490

 
Redundant via conversion report:
--------------------------------

  Total optimized via conversion rate =  0.00% (0 / 6683 vias)
 
    Layer VIA1       =  0.00% (0      / 2837    vias)
        Un-optimized =  0.00% (0       vias)
        Un-mapped    = 100.00% (2837    vias)
    Layer VIA2       =  0.00% (0      / 3181    vias)
        Un-optimized =  0.00% (0       vias)
        Un-mapped    = 100.00% (3181    vias)
    Layer VIA3       =  0.00% (0      / 453     vias)
        Un-optimized =  0.00% (0       vias)
        Un-mapped    = 100.00% (453     vias)
    Layer VIA4       =  0.00% (0      / 188     vias)
        Un-optimized =  0.00% (0       vias)
        Un-mapped    = 100.00% (188     vias)
    Layer VIA5       =  0.00% (0      / 16      vias)
        Un-optimized =  0.00% (0       vias)
        Un-mapped    = 100.00% (16      vias)
    Layer VIA6       =  0.00% (0      / 8       vias)
        Un-optimized =  0.00% (0       vias)
        Un-mapped    = 100.00% (8       vias)
 
  Total double via conversion rate    =  0.00% (0 / 6683 vias)
 
    Layer VIA1       =  0.00% (0      / 2837    vias)
    Layer VIA2       =  0.00% (0      / 3181    vias)
    Layer VIA3       =  0.00% (0      / 453     vias)
    Layer VIA4       =  0.00% (0      / 188     vias)
    Layer VIA5       =  0.00% (0      / 16      vias)
    Layer VIA6       =  0.00% (0      / 8       vias)
 
  The optimized via conversion rate based on total routed via count =  0.00% (0 / 6683 vias)
 
    Layer VIA1       =  0.00% (0      / 2837    vias)
        Un-optimized =  0.00% (0       vias)
        Un-mapped    = 100.00% (2837    vias)
    Layer VIA2       =  0.00% (0      / 3181    vias)
        Un-optimized =  0.00% (0       vias)
        Un-mapped    = 100.00% (3181    vias)
    Layer VIA3       =  0.00% (0      / 453     vias)
        Un-optimized =  0.00% (0       vias)
        Un-mapped    = 100.00% (453     vias)
    Layer VIA4       =  0.00% (0      / 188     vias)
        Un-optimized =  0.00% (0       vias)
        Un-mapped    = 100.00% (188     vias)
    Layer VIA5       =  0.00% (0      / 16      vias)
        Un-optimized =  0.00% (0       vias)
        Un-mapped    = 100.00% (16      vias)
    Layer VIA6       =  0.00% (0      / 8       vias)
        Un-optimized =  0.00% (0       vias)
        Un-mapped    = 100.00% (8       vias)
 


Verify Summary:

Total number of nets = 899, of which 0 are not extracted
Total number of open nets = 0, of which 0 are frozen
Total number of excluded ports = 0 ports of 0 unplaced cells connected to 0 nets
                                 0 ports without pins of 0 cells connected to 0 nets
                                 0 ports of 0 cover cells connected to 0 non-pg nets
Total number of DRCs = 2
Total number of antenna violations = no antenna rules defined
Total number of tie to rail violations = not checked
Total number of tie to rail directly violations = not checked


