Information: The stitching and editing of coupling caps is turned ON for design 'i2c.dlib:i2c_routing.design'. (TIM-125)
Information: Design i2c_routing has 899 nets, 0 global routed, 897 detail routed. (NEX-024)
Information: The RC mode used is DR for design 'i2c_master_top'. (NEX-022)
---extraction options---
Corner: default
 late_cap_scale                : 1
 late_res_scale                : 1
 late_ccap_scale               : 1
 early_cap_scale               : 1
 early_res_scale               : 1
 early_ccap_scale              : 1
Global options:
 late_ccap_threshold       : 0.003pf
 late_ccap_ratio           : 0.03
 reference_direction       : use_from_tluplus
 real_metalfill_extraction : none
 virtual_shield_extraction : true
---app options---
 host.max_cores                   : 12
 extract.connect_open           : true
 extract.incremental_extraction : true
 extract.enable_coupling_cap    : true
Extracting design: i2c_routing 
Information: coupling capacitance is created explicitly. (NEX-029)
Information: 897 nets are successfully extracted. (NEX-028)
Information: Advanced receiver model has not been enabled for detailed routed design. (TIM-204)
Information: Update timing completed net estimation for all the timing graph nets (TIM-111)
Information: Net estimation statistics: timing graph nets = 897, routed nets = 897, across physical hierarchy nets = 0, parasitics cached nets = 897, delay annotated nets = 0, parasitics annotated nets = 0, multi-voltage nets = 0. (TIM-112)
****************************************
Report : timing
        -path_type full
        -delay_type max
        -max_paths 1
        -report_by design
Design : i2c_master_top
Version: O-2018.06-SP1
Date   : Sun Sep 20 00:57:23 2026
****************************************
Information: Timer using 'SI, Timing Window Analysis, CRPR'. (TIM-050)

  Startpoint: byte_controller/bit_controller/cnt_reg[1] (rising edge-triggered flip-flop clocked by wb_clk_i)
  Endpoint: byte_controller/bit_controller/cnt_reg[14] (rising edge-triggered flip-flop clocked by wb_clk_i)
  Mode: default
  Corner: default
  Scenario: default
  Path Group: wb_clk_i
  Path Type: max

  Point                                            Incr      Path  
  ------------------------------------------------------------------------
  clock wb_clk_i (rise edge)                       0.00      0.00
  clock network delay (propagated)                 0.91      0.91

  byte_controller/bit_controller/cnt_reg[1]/CLK (DFFARX1)
                                                   0.00      0.91 r
  byte_controller/bit_controller/cnt_reg[1]/Q (DFFARX1)
                                                   0.82      1.72 f
  byte_controller/bit_controller/sub_228/U28/Q (OR2X1)
                                                   0.21      1.93 f
  byte_controller/bit_controller/sub_228/U5/QN (NOR2X0)
                                                   0.18      2.11 r
  byte_controller/bit_controller/sub_228/U12/Q (AND2X1)
                                                   0.29      2.40 r
  byte_controller/bit_controller/sub_228/U60/ZN (INVX0)
                                                   0.12      2.52 f
  byte_controller/bit_controller/sub_228/U6/QN (NOR2X0)
                                                   0.20      2.73 r
  byte_controller/bit_controller/sub_228/U17/Q (AND2X1)
                                                   0.31      3.03 r
  byte_controller/bit_controller/sub_228/U56/ZN (INVX0)
                                                   0.12      3.15 f
  byte_controller/bit_controller/sub_228/U55/QN (NOR2X0)
                                                   0.16      3.32 r
  byte_controller/bit_controller/sub_228/U54/ZN (INVX0)
                                                   0.16      3.48 f
  byte_controller/bit_controller/sub_228/U53/QN (NOR2X0)
                                                   0.12      3.60 r
  byte_controller/bit_controller/sub_228/U52/ZN (INVX0)
                                                   0.16      3.77 f
  byte_controller/bit_controller/sub_228/U51/QN (NOR2X0)
                                                   0.16      3.93 r
  byte_controller/bit_controller/sub_228/U49/ZN (INVX0)
                                                   0.14      4.07 f
  byte_controller/bit_controller/sub_228/U48/QN (NOR2X0)
                                                   0.15      4.22 r
  byte_controller/bit_controller/sub_228/U47/ZN (INVX0)
                                                   0.14      4.36 f
  byte_controller/bit_controller/sub_228/U46/QN (NOR2X0)
                                                   0.19      4.55 r
  byte_controller/bit_controller/sub_228/U45/ZN (INVX0)
                                                   0.17      4.71 f
  byte_controller/bit_controller/sub_228/U44/QN (NOR2X0)
                                                   0.16      4.87 r
  byte_controller/bit_controller/sub_228/U43/ZN (INVX0)
                                                   0.13      5.00 f
  byte_controller/bit_controller/sub_228/U42/Q (XNOR2X1)
                                                   0.38      5.39 r
  byte_controller/bit_controller/U12/Q (AO222X1)   0.34      5.73 r
  byte_controller/bit_controller/cnt_reg[14]/D (DFFARX1)
                                                   0.00      5.73 r
  data arrival time                                          5.73

  clock wb_clk_i (rise edge)                       8.00      8.00
  clock network delay (propagated)                 0.87      8.87
  clock reconvergence pessimism                    0.02      8.88
  byte_controller/bit_controller/cnt_reg[14]/CLK (DFFARX1)
                                                   0.00      8.88 r
  clock uncertainty                               -0.24      8.64
  library setup time                              -0.29      8.36
  data required time                                         8.36
  ------------------------------------------------------------------------
  data required time                                         8.36
  data arrival time                                         -5.73
  ------------------------------------------------------------------------
  slack (MET)                                                2.62


1
