Warning: Cell contains tie connections which are not connected to real PG. (ZRT-511)
Warning: Ignore contact DIFFCON. (ZRT-015)
Turn off antenna since no rule is specified
Cell Min-Routing-Layer = M3
Cell Max-Routing-Layer = M8
Info: number of net_type_blockage: 0 
Warning: Contact VIA89's lower layer enclosure width does not satisfy end of line enclosure design rule. (ZRT-042)
Warning: Contact VIA89's upper layer enclosure width does not satisfy end of line enclosure design rule. (ZRT-042)
Warning: Contact VIA89's lower layer enclosure height does not satisfy end of line enclosure design rule. (ZRT-042)
Warning: Contact VIA89's upper layer enclosure height does not satisfy end of line enclosure design rule. (ZRT-042)
Warning: Contact VIA89C's lower layer enclosure height does not satisfy end of line enclosure design rule. (ZRT-042)
Warning: Contact VIA89C's upper layer enclosure width does not satisfy end of line enclosure design rule. (ZRT-042)
Warning: Contact VIA89C's lower layer enclosure width does not satisfy end of line enclosure design rule. (ZRT-042)
Warning: Contact VIA89C's upper layer enclosure height does not satisfy end of line enclosure design rule. (ZRT-042)
Via on layer (VIA1) needs more than one tracks
Warning: Layer M1 pitch 0.320 may be too small: wire/via-down 0.315, wire/via-up 0.330. (ZRT-026)
Via on layer (VIA1) needs more than one tracks
Warning: Layer M2 pitch 0.320 may be too small: wire/via-down 0.360, wire/via-up 0.320. (ZRT-026)
soft rule ICC2_GENERATED_DEFAULT_SPACING_RULE_3_8_wire is redundant
soft rule LOPT_M3_M8_3_8_wire is redundant
soft rule LOPT_M7_M8_3_8_wire is redundant


Start checking for open nets ... 

net(byte_controller/bit_controller/PLACE_HFSNET_0) has floating ports (dbId = 0 idx_ = 0 numNodes = 7 numEdges = 0 numCmps = 7)
net(sda_pad_o) has floating ports (dbId = 2 idx_ = 2 numNodes = 2 numEdges = 0 numCmps = 2)
net(test_mode) has floating ports (dbId = 3 idx_ = 3 numNodes = 3 numEdges = 0 numCmps = 3)
net(dft_clk_i) has floating ports (dbId = 4 idx_ = 4 numNodes = 2 numEdges = 0 numCmps = 2)
net(dft_rst_i) has floating ports (dbId = 5 idx_ = 5 numNodes = 2 numEdges = 0 numCmps = 2)
net(arst_i) has floating ports (dbId = 6 idx_ = 6 numNodes = 2 numEdges = 0 numCmps = 2)
net(wb_adr_i[2]) has floating ports (dbId = 7 idx_ = 7 numNodes = 4 numEdges = 0 numCmps = 4)
net(wb_adr_i[1]) has floating ports (dbId = 8 idx_ = 8 numNodes = 7 numEdges = 0 numCmps = 7)
net(wb_adr_i[0]) has floating ports (dbId = 9 idx_ = 9 numNodes = 8 numEdges = 0 numCmps = 8)
net(wb_dat_i[7]) has floating ports (dbId = 10 idx_ = 10 numNodes = 3 numEdges = 0 numCmps = 3)
net(wb_dat_i[6]) has floating ports (dbId = 11 idx_ = 11 numNodes = 3 numEdges = 0 numCmps = 3)
net(wb_dat_i[5]) has floating ports (dbId = 12 idx_ = 12 numNodes = 3 numEdges = 0 numCmps = 3)
net(wb_dat_i[4]) has floating ports (dbId = 13 idx_ = 13 numNodes = 3 numEdges = 0 numCmps = 3)
net(wb_dat_i[3]) has floating ports (dbId = 14 idx_ = 14 numNodes = 3 numEdges = 0 numCmps = 3)
net(wb_dat_i[2]) has floating ports (dbId = 15 idx_ = 15 numNodes = 3 numEdges = 0 numCmps = 3)
net(wb_dat_i[1]) has floating ports (dbId = 16 idx_ = 16 numNodes = 3 numEdges = 0 numCmps = 3)
net(wb_dat_i[0]) has floating ports (dbId = 17 idx_ = 17 numNodes = 3 numEdges = 0 numCmps = 3)
net(scl_pad_o) has floating ports (dbId = 18 idx_ = 18 numNodes = 2 numEdges = 0 numCmps = 2)
net(optlc_net_128) has floating ports (dbId = 20 idx_ = 20 numNodes = 2 numEdges = 0 numCmps = 2)
net(optlc_net_129) has floating ports (dbId = 21 idx_ = 21 numNodes = 2 numEdges = 0 numCmps = 2)
net(optlc_net_130) has floating ports (dbId = 22 idx_ = 22 numNodes = 2 numEdges = 0 numCmps = 2)
net(optlc_net_131) has floating ports (dbId = 23 idx_ = 23 numNodes = 2 numEdges = 0 numCmps = 2)
net(optlc_net_132) has floating ports (dbId = 24 idx_ = 24 numNodes = 2 numEdges = 0 numCmps = 2)
net(optlc_net_133) has floating ports (dbId = 25 idx_ = 25 numNodes = 2 numEdges = 0 numCmps = 2)
net(wb_we_i) has floating ports (dbId = 26 idx_ = 26 numNodes = 2 numEdges = 0 numCmps = 2)
net(wb_stb_i) has floating ports (dbId = 27 idx_ = 27 numNodes = 2 numEdges = 0 numCmps = 2)
net(wb_cyc_i) has floating ports (dbId = 28 idx_ = 28 numNodes = 2 numEdges = 0 numCmps = 2)
net(wb_ack_o) has floating ports (dbId = 29 idx_ = 29 numNodes = 2 numEdges = 0 numCmps = 2)
net(optlc_net_134) has floating ports (dbId = 30 idx_ = 30 numNodes = 2 numEdges = 0 numCmps = 2)
net(scl_pad_i) has floating ports (dbId = 31 idx_ = 31 numNodes = 2 numEdges = 0 numCmps = 2)
net(scl_padoen_o) has floating ports (dbId = 32 idx_ = 32 numNodes = 2 numEdges = 0 numCmps = 2)
net(sda_pad_i) has floating ports (dbId = 33 idx_ = 33 numNodes = 2 numEdges = 0 numCmps = 2)
net(sda_padoen_o) has floating ports (dbId = 34 idx_ = 34 numNodes = 2 numEdges = 0 numCmps = 2)
net(n143) has floating ports (dbId = 37 idx_ = 37 numNodes = 2 numEdges = 0 numCmps = 2)
net(wb_inta_o) has floating ports (dbId = 38 idx_ = 38 numNodes = 2 numEdges = 0 numCmps = 2)
net(optlc_net_135) has floating ports (dbId = 40 idx_ = 40 numNodes = 2 numEdges = 0 numCmps = 2)
net(wb_wacc) has floating ports (dbId = 41 idx_ = 41 numNodes = 3 numEdges = 0 numCmps = 3)
net(N23) has floating ports (dbId = 42 idx_ = 42 numNodes = 2 numEdges = 0 numCmps = 2)
net(optlc_net_136) has floating ports (dbId = 43 idx_ = 43 numNodes = 2 numEdges = 0 numCmps = 2)
net(N26) has floating ports (dbId = 44 idx_ = 44 numNodes = 2 numEdges = 0 numCmps = 2)
net(N28) has floating ports (dbId = 45 idx_ = 45 numNodes = 2 numEdges = 0 numCmps = 2)
net(N29) has floating ports (dbId = 46 idx_ = 46 numNodes = 2 numEdges = 0 numCmps = 2)
net(N30) has floating ports (dbId = 47 idx_ = 47 numNodes = 9 numEdges = 0 numCmps = 9)
net(N31) has floating ports (dbId = 48 idx_ = 48 numNodes = 2 numEdges = 0 numCmps = 2)
net(N32) has floating ports (dbId = 49 idx_ = 49 numNodes = 2 numEdges = 0 numCmps = 2)
net(N33) has floating ports (dbId = 50 idx_ = 50 numNodes = 9 numEdges = 0 numCmps = 9)
net(N34) has floating ports (dbId = 51 idx_ = 51 numNodes = 2 numEdges = 0 numCmps = 2)
net(N35) has floating ports (dbId = 52 idx_ = 52 numNodes = 9 numEdges = 0 numCmps = 9)
net(N36) has floating ports (dbId = 53 idx_ = 53 numNodes = 2 numEdges = 0 numCmps = 2)
net(N37) has floating ports (dbId = 54 idx_ = 54 numNodes = 2 numEdges = 0 numCmps = 2)
net(N38) has floating ports (dbId = 55 idx_ = 55 numNodes = 6 numEdges = 0 numCmps = 6)
net(N39) has floating ports (dbId = 56 idx_ = 56 numNodes = 2 numEdges = 0 numCmps = 2)
net(N40) has floating ports (dbId = 57 idx_ = 57 numNodes = 9 numEdges = 0 numCmps = 9)
net(N41) has floating ports (dbId = 58 idx_ = 58 numNodes = 2 numEdges = 0 numCmps = 2)
net(N42) has floating ports (dbId = 59 idx_ = 59 numNodes = 2 numEdges = 0 numCmps = 2)
net(N43) has floating ports (dbId = 60 idx_ = 60 numNodes = 9 numEdges = 0 numCmps = 9)
net(sr_1) has floating ports (dbId = 61 idx_ = 61 numNodes = 2 numEdges = 0 numCmps = 2)
net(sr_0) has floating ports (dbId = 62 idx_ = 62 numNodes = 4 numEdges = 0 numCmps = 4)
net(N46) has floating ports (dbId = 63 idx_ = 63 numNodes = 2 numEdges = 0 numCmps = 2)
net(N47) has floating ports (dbId = 64 idx_ = 64 numNodes = 2 numEdges = 0 numCmps = 2)
net(N48) has floating ports (dbId = 65 idx_ = 65 numNodes = 2 numEdges = 0 numCmps = 2)
net(N49) has floating ports (dbId = 66 idx_ = 66 numNodes = 2 numEdges = 0 numCmps = 2)
net(N50) has floating ports (dbId = 67 idx_ = 67 numNodes = 2 numEdges = 0 numCmps = 2)
net(N51) has floating ports (dbId = 68 idx_ = 68 numNodes = 2 numEdges = 0 numCmps = 2)
net(N52) has floating ports (dbId = 69 idx_ = 69 numNodes = 2 numEdges = 0 numCmps = 2)
net(N53) has floating ports (dbId = 70 idx_ = 70 numNodes = 2 numEdges = 0 numCmps = 2)
net(optlc_net_137) has floating ports (dbId = 71 idx_ = 71 numNodes = 2 numEdges = 0 numCmps = 2)
net(N59) has floating ports (dbId = 72 idx_ = 72 numNodes = 2 numEdges = 0 numCmps = 2)
net(N60) has floating ports (dbId = 73 idx_ = 73 numNodes = 2 numEdges = 0 numCmps = 2)
net(N61) has floating ports (dbId = 74 idx_ = 74 numNodes = 2 numEdges = 0 numCmps = 2)
net(N62) has floating ports (dbId = 75 idx_ = 75 numNodes = 2 numEdges = 0 numCmps = 2)
net(N72) has floating ports (dbId = 76 idx_ = 76 numNodes = 4 numEdges = 0 numCmps = 4)
net(N73) has floating ports (dbId = 77 idx_ = 77 numNodes = 3 numEdges = 0 numCmps = 3)
net(N74) has floating ports (dbId = 78 idx_ = 78 numNodes = 3 numEdges = 0 numCmps = 3)
net(N75) has floating ports (dbId = 79 idx_ = 79 numNodes = 3 numEdges = 0 numCmps = 3)
net(N76) has floating ports (dbId = 80 idx_ = 80 numNodes = 3 numEdges = 0 numCmps = 3)
net(N77) has floating ports (dbId = 81 idx_ = 81 numNodes = 3 numEdges = 0 numCmps = 3)
net(N78) has floating ports (dbId = 82 idx_ = 82 numNodes = 3 numEdges = 0 numCmps = 3)
net(N79) has floating ports (dbId = 83 idx_ = 83 numNodes = 3 numEdges = 0 numCmps = 3)
net(N80) has floating ports (dbId = 84 idx_ = 84 numNodes = 3 numEdges = 0 numCmps = 3)
net(N81) has floating ports (dbId = 85 idx_ = 85 numNodes = 9 numEdges = 0 numCmps = 9)
net(N82) has floating ports (dbId = 86 idx_ = 86 numNodes = 9 numEdges = 0 numCmps = 9)
net(N83) has floating ports (dbId = 87 idx_ = 87 numNodes = 3 numEdges = 0 numCmps = 3)
net(N84) has floating ports (dbId = 88 idx_ = 88 numNodes = 3 numEdges = 0 numCmps = 3)
net(N85) has floating ports (dbId = 89 idx_ = 89 numNodes = 3 numEdges = 0 numCmps = 3)
net(N86) has floating ports (dbId = 90 idx_ = 90 numNodes = 3 numEdges = 0 numCmps = 3)
net(N87) has floating ports (dbId = 91 idx_ = 91 numNodes = 3 numEdges = 0 numCmps = 3)
net(N88) has floating ports (dbId = 92 idx_ = 92 numNodes = 3 numEdges = 0 numCmps = 3)
net(N89) has floating ports (dbId = 93 idx_ = 93 numNodes = 3 numEdges = 0 numCmps = 3)
net(N90) has floating ports (dbId = 94 idx_ = 94 numNodes = 3 numEdges = 0 numCmps = 3)
net(N91) has floating ports (dbId = 95 idx_ = 95 numNodes = 4 numEdges = 0 numCmps = 4)
net(optlc_net_138) has floating ports (dbId = 96 idx_ = 96 numNodes = 2 numEdges = 0 numCmps = 2)
net(N98) has floating ports (dbId = 98 idx_ = 97 numNodes = 2 numEdges = 0 numCmps = 2)
net(done) has floating ports (dbId = 99 idx_ = 98 numNodes = 4 numEdges = 0 numCmps = 4)
net(i2c_al) has floating ports (dbId = 100 idx_ = 99 numNodes = 6 numEdges = 0 numCmps = 6)
net(N99) has floating ports (dbId = 101 idx_ = 100 numNodes = 2 numEdges = 0 numCmps = 2)
net(N100) has floating ports (dbId = 102 idx_ = 101 numNodes = 4 numEdges = 0 numCmps = 4)
net(N101) has floating ports (dbId = 103 idx_ = 102 numNodes = 2 numEdges = 0 numCmps = 2)
net(N102) has floating ports (dbId = 104 idx_ = 103 numNodes = 2 numEdges = 0 numCmps = 2)
net(N103) has floating ports (dbId = 105 idx_ = 104 numNodes = 2 numEdges = 0 numCmps = 2)
net(N104) has floating ports (dbId = 106 idx_ = 105 numNodes = 4 numEdges = 0 numCmps = 4)
net(N105) has floating ports (dbId = 107 idx_ = 106 numNodes = 2 numEdges = 0 numCmps = 2)
net(N106) has floating ports (dbId = 108 idx_ = 107 numNodes = 5 numEdges = 0 numCmps = 5)
net(N107) has floating ports (dbId = 109 idx_ = 108 numNodes = 2 numEdges = 0 numCmps = 2)
net(N108) has floating ports (dbId = 110 idx_ = 109 numNodes = 2 numEdges = 0 numCmps = 2)
net(N109) has floating ports (dbId = 111 idx_ = 110 numNodes = 2 numEdges = 0 numCmps = 2)
net(N110) has floating ports (dbId = 112 idx_ = 111 numNodes = 2 numEdges = 0 numCmps = 2)
net(irxack) has floating ports (dbId = 113 idx_ = 112 numNodes = 3 numEdges = 0 numCmps = 3)
net(N116) has floating ports (dbId = 115 idx_ = 113 numNodes = 2 numEdges = 0 numCmps = 2)
net(N117) has floating ports (dbId = 116 idx_ = 114 numNodes = 2 numEdges = 0 numCmps = 2)
net(N118) has floating ports (dbId = 117 idx_ = 115 numNodes = 2 numEdges = 0 numCmps = 2)
net(N119) has floating ports (dbId = 118 idx_ = 116 numNodes = 2 numEdges = 0 numCmps = 2)
net(N120) has floating ports (dbId = 119 idx_ = 117 numNodes = 2 numEdges = 0 numCmps = 2)
net(N121) has floating ports (dbId = 120 idx_ = 118 numNodes = 2 numEdges = 0 numCmps = 2)
net(N122) has floating ports (dbId = 121 idx_ = 119 numNodes = 2 numEdges = 0 numCmps = 2)
net(PLACE_HFSNET_36) has floating ports (dbId = 122 idx_ = 120 numNodes = 6 numEdges = 0 numCmps = 6)
net(N126) has floating ports (dbId = 123 idx_ = 121 numNodes = 2 numEdges = 0 numCmps = 2)
net(N127) has floating ports (dbId = 124 idx_ = 122 numNodes = 2 numEdges = 0 numCmps = 2)
net(N128) has floating ports (dbId = 125 idx_ = 123 numNodes = 6 numEdges = 0 numCmps = 6)
net(N129) has floating ports (dbId = 126 idx_ = 124 numNodes = 2 numEdges = 0 numCmps = 2)
net(N130) has floating ports (dbId = 127 idx_ = 125 numNodes = 2 numEdges = 0 numCmps = 2)
net(N131) has floating ports (dbId = 128 idx_ = 126 numNodes = 2 numEdges = 0 numCmps = 2)
net(N132) has floating ports (dbId = 129 idx_ = 127 numNodes = 2 numEdges = 0 numCmps = 2)
net(N133) has floating ports (dbId = 130 idx_ = 128 numNodes = 3 numEdges = 0 numCmps = 3)
net(N134) has floating ports (dbId = 131 idx_ = 129 numNodes = 2 numEdges = 0 numCmps = 2)
net(N135) has floating ports (dbId = 132 idx_ = 130 numNodes = 2 numEdges = 0 numCmps = 2)
net(N136) has floating ports (dbId = 133 idx_ = 131 numNodes = 2 numEdges = 0 numCmps = 2)
net(N137) has floating ports (dbId = 134 idx_ = 132 numNodes = 2 numEdges = 0 numCmps = 2)
net(N138) has floating ports (dbId = 135 idx_ = 133 numNodes = 2 numEdges = 0 numCmps = 2)
net(n7) has floating ports (dbId = 136 idx_ = 134 numNodes = 4 numEdges = 0 numCmps = 4)
net(n8) has floating ports (dbId = 137 idx_ = 135 numNodes = 4 numEdges = 0 numCmps = 4)
net(optlc_net_139) has floating ports (dbId = 138 idx_ = 136 numNodes = 2 numEdges = 0 numCmps = 2)
net(PLACE_HFSNET_48) has floating ports (dbId = 139 idx_ = 137 numNodes = 6 numEdges = 0 numCmps = 6)
net(n11) has floating ports (dbId = 140 idx_ = 138 numNodes = 3 numEdges = 0 numCmps = 3)
net(n12) has floating ports (dbId = 141 idx_ = 139 numNodes = 3 numEdges = 0 numCmps = 3)
net(n13) has floating ports (dbId = 142 idx_ = 140 numNodes = 3 numEdges = 0 numCmps = 3)
net(n14) has floating ports (dbId = 143 idx_ = 141 numNodes = 3 numEdges = 0 numCmps = 3)
net(n15) has floating ports (dbId = 144 idx_ = 142 numNodes = 3 numEdges = 0 numCmps = 3)
net(n16) has floating ports (dbId = 145 idx_ = 143 numNodes = 3 numEdges = 0 numCmps = 3)
net(n17) has floating ports (dbId = 146 idx_ = 144 numNodes = 3 numEdges = 0 numCmps = 3)
net(n18) has floating ports (dbId = 147 idx_ = 145 numNodes = 3 numEdges = 0 numCmps = 3)
net(n19) has floating ports (dbId = 148 idx_ = 146 numNodes = 3 numEdges = 0 numCmps = 3)
net(n20) has floating ports (dbId = 149 idx_ = 147 numNodes = 10 numEdges = 0 numCmps = 10)
net(n21) has floating ports (dbId = 150 idx_ = 148 numNodes = 4 numEdges = 0 numCmps = 4)
net(n22) has floating ports (dbId = 151 idx_ = 149 numNodes = 4 numEdges = 0 numCmps = 4)
net(n23) has floating ports (dbId = 152 idx_ = 150 numNodes = 2 numEdges = 0 numCmps = 2)
net(n24) has floating ports (dbId = 153 idx_ = 151 numNodes = 2 numEdges = 0 numCmps = 2)
net(n25) has floating ports (dbId = 154 idx_ = 152 numNodes = 9 numEdges = 0 numCmps = 9)
net(n26) has floating ports (dbId = 155 idx_ = 153 numNodes = 2 numEdges = 0 numCmps = 2)
net(n27) has floating ports (dbId = 156 idx_ = 154 numNodes = 2 numEdges = 0 numCmps = 2)
net(n28) has floating ports (dbId = 157 idx_ = 155 numNodes = 2 numEdges = 0 numCmps = 2)
net(n29) has floating ports (dbId = 158 idx_ = 156 numNodes = 2 numEdges = 0 numCmps = 2)
net(n30) has floating ports (dbId = 159 idx_ = 157 numNodes = 2 numEdges = 0 numCmps = 2)
net(n31) has floating ports (dbId = 160 idx_ = 158 numNodes = 2 numEdges = 0 numCmps = 2)
net(n32) has floating ports (dbId = 161 idx_ = 159 numNodes = 2 numEdges = 0 numCmps = 2)
net(n33) has floating ports (dbId = 162 idx_ = 160 numNodes = 2 numEdges = 0 numCmps = 2)
net(n34) has floating ports (dbId = 163 idx_ = 161 numNodes = 2 numEdges = 0 numCmps = 2)
net(n35) has floating ports (dbId = 164 idx_ = 162 numNodes = 2 numEdges = 0 numCmps = 2)
net(n36) has floating ports (dbId = 165 idx_ = 163 numNodes = 2 numEdges = 0 numCmps = 2)
net(n37) has floating ports (dbId = 166 idx_ = 164 numNodes = 2 numEdges = 0 numCmps = 2)
net(n38) has floating ports (dbId = 167 idx_ = 165 numNodes = 2 numEdges = 0 numCmps = 2)
net(n39) has floating ports (dbId = 168 idx_ = 166 numNodes = 2 numEdges = 0 numCmps = 2)
net(n40) has floating ports (dbId = 169 idx_ = 167 numNodes = 2 numEdges = 0 numCmps = 2)
net(n41) has floating ports (dbId = 170 idx_ = 168 numNodes = 2 numEdges = 0 numCmps = 2)
net(n42) has floating ports (dbId = 171 idx_ = 169 numNodes = 2 numEdges = 0 numCmps = 2)
net(n43) has floating ports (dbId = 172 idx_ = 170 numNodes = 2 numEdges = 0 numCmps = 2)
net(n44) has floating ports (dbId = 173 idx_ = 171 numNodes = 2 numEdges = 0 numCmps = 2)
net(n45) has floating ports (dbId = 174 idx_ = 172 numNodes = 3 numEdges = 0 numCmps = 3)
net(n46) has floating ports (dbId = 175 idx_ = 173 numNodes = 3 numEdges = 0 numCmps = 3)
net(n47) has floating ports (dbId = 176 idx_ = 174 numNodes = 10 numEdges = 0 numCmps = 10)
net(n48) has floating ports (dbId = 177 idx_ = 175 numNodes = 2 numEdges = 0 numCmps = 2)
net(n49) has floating ports (dbId = 178 idx_ = 176 numNodes = 2 numEdges = 0 numCmps = 2)
net(n50) has floating ports (dbId = 179 idx_ = 177 numNodes = 2 numEdges = 0 numCmps = 2)
net(n51) has floating ports (dbId = 180 idx_ = 178 numNodes = 2 numEdges = 0 numCmps = 2)
net(n52) has floating ports (dbId = 181 idx_ = 179 numNodes = 2 numEdges = 0 numCmps = 2)
net(n53) has floating ports (dbId = 182 idx_ = 180 numNodes = 2 numEdges = 0 numCmps = 2)
net(n54) has floating ports (dbId = 183 idx_ = 181 numNodes = 2 numEdges = 0 numCmps = 2)
net(n55) has floating ports (dbId = 184 idx_ = 182 numNodes = 2 numEdges = 0 numCmps = 2)
net(n56) has floating ports (dbId = 185 idx_ = 183 numNodes = 2 numEdges = 0 numCmps = 2)
net(n57) has floating ports (dbId = 186 idx_ = 184 numNodes = 2 numEdges = 0 numCmps = 2)
net(n58) has floating ports (dbId = 187 idx_ = 185 numNodes = 2 numEdges = 0 numCmps = 2)
net(n59) has floating ports (dbId = 188 idx_ = 186 numNodes = 2 numEdges = 0 numCmps = 2)
net(n60) has floating ports (dbId = 189 idx_ = 187 numNodes = 2 numEdges = 0 numCmps = 2)
net(n61) has floating ports (dbId = 190 idx_ = 188 numNodes = 2 numEdges = 0 numCmps = 2)
net(n62) has floating ports (dbId = 191 idx_ = 189 numNodes = 2 numEdges = 0 numCmps = 2)
net(n63) has floating ports (dbId = 192 idx_ = 190 numNodes = 2 numEdges = 0 numCmps = 2)
net(n64) has floating ports (dbId = 193 idx_ = 191 numNodes = 2 numEdges = 0 numCmps = 2)
net(n65) has floating ports (dbId = 194 idx_ = 192 numNodes = 2 numEdges = 0 numCmps = 2)
net(n66) has floating ports (dbId = 195 idx_ = 193 numNodes = 2 numEdges = 0 numCmps = 2)
net(n67) has floating ports (dbId = 196 idx_ = 194 numNodes = 2 numEdges = 0 numCmps = 2)
net(n68) has floating ports (dbId = 197 idx_ = 195 numNodes = 2 numEdges = 0 numCmps = 2)
net(n69) has floating ports (dbId = 198 idx_ = 196 numNodes = 2 numEdges = 0 numCmps = 2)
net(n70) has floating ports (dbId = 199 idx_ = 197 numNodes = 2 numEdges = 0 numCmps = 2)
net(n71) has floating ports (dbId = 200 idx_ = 198 numNodes = 2 numEdges = 0 numCmps = 2)
net(n72) has floating ports (dbId = 201 idx_ = 199 numNodes = 2 numEdges = 0 numCmps = 2)
net(n73) has floating ports (dbId = 202 idx_ = 200 numNodes = 2 numEdges = 0 numCmps = 2)
net(n74) has floating ports (dbId = 203 idx_ = 201 numNodes = 2 numEdges = 0 numCmps = 2)
net(n75) has floating ports (dbId = 204 idx_ = 202 numNodes = 2 numEdges = 0 numCmps = 2)
net(n76) has floating ports (dbId = 205 idx_ = 203 numNodes = 2 numEdges = 0 numCmps = 2)
net(n77) has floating ports (dbId = 206 idx_ = 204 numNodes = 2 numEdges = 0 numCmps = 2)

... and 673 more nets has floating ports 

Total number of nets = 899, of which 0 are not extracted
Total number of open nets = 873, of which 0 are frozen

Check 899 nets, 873 have Errors

[CHECK OPEN NETS] Elapsed real time: 0:00:00 
[CHECK OPEN NETS] Elapsed cpu  time: sys=0:00:00 usr=0:00:00 total=0:00:00
[CHECK OPEN NETS] Stage (MB): Used    0  Alloctr    0  Proc    0 
[CHECK OPEN NETS] Total (MB): Used   68  Alloctr   69  Proc 2747 
Printing options for 'route.common.*'

Printing options for 'route.detail.*'
detail.force_end_on_preferred_grid                      :	 true                

Printing options for 'route.auto_via_ladder.*'


Begin full DRC check ...

Information: Using 12 threads for routing. (ZRT-444)
Checked	1/4 Partitions, Violations =	0
Checked	2/4 Partitions, Violations =	0
Checked	3/4 Partitions, Violations =	0
Checked	4/4 Partitions, Violations =	0
[DRC CHECK] Elapsed real time: 0:00:00 
[DRC CHECK] Elapsed cpu  time: sys=0:00:00 usr=0:00:00 total=0:00:00
[DRC CHECK] Stage (MB): Used    0  Alloctr    0  Proc    0 
[DRC CHECK] Total (MB): Used   82  Alloctr   84  Proc 2747 
Warning: No antenna rules defined, Skip antenna analysis. (ZRT-309)

DRC-SUMMARY:
	@@@@@@@ TOTAL VIOLATIONS =	0


Total Wire Length =                    2314 micron
Total Number of Contacts =             530
Total Number of Wires =                505
Total Number of PtConns =              101
Total Number of Routed Wires =       505
Total Routed Wire Length =           2291 micron
Total Number of Routed Contacts =       530
	Layer          M1 :          6 micron
	Layer          M2 :       1074 micron
	Layer          M3 :        954 micron
	Layer          M4 :        123 micron
	Layer          M5 :         14 micron
	Layer          M6 :         88 micron
	Layer          M7 :         55 micron
	Layer          M8 :          0 micron
	Layer          M9 :          0 micron
	Via        VIA67C :          6
	Via        VIA56C :          6
	Via        VIA45C :          6
	Via        VIA34C :         26
	Via        VIA23C :        287
	Via   VIA12C(rot) :        157
	Via   VIA12B(rot) :         42

 
Redundant via conversion report:
--------------------------------

  Total optimized via conversion rate =  0.00% (0 / 530 vias)
 
    Layer VIA1       =  0.00% (0      / 199     vias)
        Un-optimized =  0.00% (0       vias)
        Un-mapped    = 100.00% (199     vias)
    Layer VIA2       =  0.00% (0      / 287     vias)
        Un-optimized =  0.00% (0       vias)
        Un-mapped    = 100.00% (287     vias)
    Layer VIA3       =  0.00% (0      / 26      vias)
        Un-optimized =  0.00% (0       vias)
        Un-mapped    = 100.00% (26      vias)
    Layer VIA4       =  0.00% (0      / 6       vias)
        Un-optimized =  0.00% (0       vias)
        Un-mapped    = 100.00% (6       vias)
    Layer VIA5       =  0.00% (0      / 6       vias)
        Un-optimized =  0.00% (0       vias)
        Un-mapped    = 100.00% (6       vias)
    Layer VIA6       =  0.00% (0      / 6       vias)
        Un-optimized =  0.00% (0       vias)
        Un-mapped    = 100.00% (6       vias)
 
  Total double via conversion rate    =  0.00% (0 / 530 vias)
 
    Layer VIA1       =  0.00% (0      / 199     vias)
    Layer VIA2       =  0.00% (0      / 287     vias)
    Layer VIA3       =  0.00% (0      / 26      vias)
    Layer VIA4       =  0.00% (0      / 6       vias)
    Layer VIA5       =  0.00% (0      / 6       vias)
    Layer VIA6       =  0.00% (0      / 6       vias)
 
  The optimized via conversion rate based on total routed via count =  0.00% (0 / 530 vias)
 
    Layer VIA1       =  0.00% (0      / 199     vias)
        Un-optimized =  0.00% (0       vias)
        Un-mapped    = 100.00% (199     vias)
    Layer VIA2       =  0.00% (0      / 287     vias)
        Un-optimized =  0.00% (0       vias)
        Un-mapped    = 100.00% (287     vias)
    Layer VIA3       =  0.00% (0      / 26      vias)
        Un-optimized =  0.00% (0       vias)
        Un-mapped    = 100.00% (26      vias)
    Layer VIA4       =  0.00% (0      / 6       vias)
        Un-optimized =  0.00% (0       vias)
        Un-mapped    = 100.00% (6       vias)
    Layer VIA5       =  0.00% (0      / 6       vias)
        Un-optimized =  0.00% (0       vias)
        Un-mapped    = 100.00% (6       vias)
    Layer VIA6       =  0.00% (0      / 6       vias)
        Un-optimized =  0.00% (0       vias)
        Un-mapped    = 100.00% (6       vias)
 


Verify Summary:

Total number of nets = 899, of which 0 are not extracted
Total number of open nets = 873, of which 0 are frozen
Total number of excluded ports = 0 ports of 0 unplaced cells connected to 0 nets
                                 0 ports without pins of 0 cells connected to 0 nets
                                 0 ports of 0 cover cells connected to 0 non-pg nets
Total number of DRCs = 0
Total number of antenna violations = no antenna rules defined
Total number of tie to rail violations = not checked
Total number of tie to rail directly violations = not checked


