****************************************
Report : qor
        -summary
Design : i2c_master_top
Version: O-2018.06-SP1
Date   : Sun Sep 20 00:33:06 2026
****************************************
************************************************************
Timer Settings:
Delay Calculation Style:                   auto
Signal Integrity Analysis:                 disabled
Timing Window Analysis:                    disabled
Advanced Waveform Propagation:             disabled
Variation Type:                            fixed_derate
Clock Reconvergence Pessimism Removal:     disabled
Advanced Receiver Model:                   disabled
************************************************************
Information: Corner default: no PVT mismatches. (PVT-032)
Information: The stitching and editing of coupling caps is turned OFF for design 'i2c.dlib:i2c_cts.design'. (TIM-125)
Information: Design Average RC for design i2c_cts  (NEX-011)
Information: r = 0.529725 ohm/um, via_r = 0.871893 ohm/cut, c = 0.089374 ff/um, cc = 0.000000 ff/um (X dir) (NEX-017)
Information: r = 0.562500 ohm/um, via_r = 0.878968 ohm/cut, c = 0.101283 ff/um, cc = 0.000000 ff/um (Y dir) (NEX-017)
Information: The RC mode used is VR for design 'i2c_master_top'. (NEX-022)
Information: Update timing completed net estimation for all the timing graph nets (TIM-111)
Information: Net estimation statistics: timing graph nets = 875, routed nets = 0, across physical hierarchy nets = 0, parasitics cached nets = 8, delay annotated nets = 0, parasitics annotated nets = 0, multi-voltage nets = 0. (TIM-112)

Timing
---------------------------------------------------------------------------
Context                                 WNS            TNS            NVE
---------------------------------------------------------------------------
Design             (Setup)             2.57           0.00              0

Design             (Hold)              0.49           0.00              0
---------------------------------------------------------------------------

Miscellaneous
---------------------------------------------------------------------------
Cell Area (netlist):                          10153.27
Cell Area (netlist and physical only):        10153.27
Nets with DRC Violations:        0
1
