#@ # 
#@ # Running icc2_shell Version O-2018.06-SP1 for linux64 -- Jul 17, 2018
#@ # Date:   Sat Aug 22 05:53:44 2026
#@ # Run by: ICer@IC_EDA
#@ 

source ../script/floorplan.tcl
win_set_filter -visible -class cell -filter {hard_macro_margin hard_margin route_blockage_margin soft_margin}
win_set_filter -visible -class placement_blockage -filter {wiring} -layer {0-77}
win_set_filter -expand_cell_types {soft_macro  }
win_set_select_class -visible {cell port bound routing_blockage shaping_blockage pg_region pin_blockage block_shielding topology_node topology_edge core_area die_area edit_group shape via terminal fill_cell placement_blockage }
win_set_filter -class cell -filter {cell_array hard_macro_margin hard_margin route_blockage_margin soft_margin}
win_set_filter -class placement_blockage -filter {wiring} -layer {0-77}
win_set_select_class {cell port bound routing_blockage shaping_blockage pg_region pin_blockage topology_node topology_edge edit_group shape via placement_blockage }
gui_zoom -window [gui_get_current_window -types Layout -view] -factor 2 -at_point {75.900 69.615}
gui_zoom -window [gui_get_current_window -types Layout -view] -factor 2 -at_point {75.900 69.615}
gui_zoom -window [gui_get_current_window -types Layout -view] -factor 2 -at_point {75.895 69.610}
gui_zoom -window [gui_get_current_window -types Layout -view] -factor 2 -at_point {75.895 69.605}
gui_zoom -window [gui_get_current_window -types Layout -view] -factor 2 -at_point {75.895 69.610}
gui_zoom -window [gui_get_current_window -types Layout -view] -factor 2 -at_point {75.890 69.605}
gui_zoom -window [gui_get_current_window -types Layout -view] -factor 2 -at_point {75.890 69.605}
gui_zoom -window [gui_get_current_window -types Layout -view] -factor 2 -at_point {75.890 69.605}
gui_zoom -window [gui_get_current_window -types Layout -view] -factor 0.5 -at_point {75.890 69.605}
gui_zoom -window [gui_get_current_window -types Layout -view] -factor 0.5 -at_point {75.890 69.605}
gui_zoom -window [gui_get_current_window -types Layout -view] -factor 0.5 -at_point {75.890 69.595}
gui_zoom -window [gui_get_current_window -types Layout -view] -factor 0.5 -at_point {75.890 69.600}
gui_zoom -window [gui_get_current_window -types Layout -view] -factor 0.5 -at_point {75.890 69.595}
gui_zoom -window [gui_get_current_window -types Layout -view] -factor 0.5 -at_point {75.885 69.605}
gui_zoom -window [gui_get_current_window -types Layout -view] -factor 0.5 -at_point {75.860 69.620}
gui_zoom -window [gui_get_current_window -types Layout -view] -factor 0.5 -at_point {75.900 69.615}
gui_zoom -window [gui_get_current_window -types Layout -view] -factor 0.5 -at_point {75.900 69.615}
gui_zoom -window [gui_get_current_window -types Layout -view] -factor 0.5 -at_point {75.900 69.615}
gui_zoom -window [gui_get_current_window -types Layout -view] -factor 0.5 -at_point {76.250 69.320}
gui_zoom -window [gui_get_current_window -types Layout -view] -factor 0.5 -at_point {76.250 69.320}
gui_zoom -window [gui_get_current_window -types Layout -view] -factor 0.5 -at_point {76.250 69.320}
gui_zoom -window [gui_get_current_window -types Layout -view] -factor 0.5 -at_point {76.250 69.320}
gui_zoom -window [gui_get_current_window -types Layout -view] -factor 0.5 -at_point {76.250 69.320}
gui_zoom -window [gui_get_current_window -types Layout -view] -factor 0.5 -at_point {76.250 69.320}
gui_zoom -window [gui_get_current_window -types Layout -view] -factor 0.5 -at_point {76.250 69.320}
gui_zoom -window [gui_get_current_window -types Layout -view] -factor 0.5 -at_point {76.250 69.320}
gui_zoom -window [gui_get_current_window -types Layout -view] -factor 0.5 -at_point {77.890 67.680}
gui_zoom -window [gui_get_current_window -types Layout -view] -factor 0.5 -at_point {77.890 67.680}
gui_zoom -window [gui_get_current_window -types Layout -view] -factor 0.5 -at_point {77.890 67.680}
gui_zoom -window [gui_get_current_window -types Layout -view] -factor 2 -at_point {74.610 94.715}
gui_zoom -window [gui_get_current_window -types Layout -view] -factor 2 -at_point {74.610 94.715}
gui_zoom -window [gui_get_current_window -types Layout -view] -factor 2 -at_point {74.610 94.715}
gui_zoom -window [gui_get_current_window -types Layout -view] -factor 2 -at_point {74.655 94.750}
gui_zoom -window [gui_get_current_window -types Layout -view] -factor 0.5 -at_point {75.360 96.885}
gui_zoom -window [gui_get_current_window -types Layout -view] -factor 0.5 -at_point {75.355 96.865}
gui_zoom -window [gui_get_current_window -types Layout -view] -factor 0.5 -at_point {75.430 96.965}
gui_zoom -window [gui_get_current_window -types Layout -view] -factor 0.5 -at_point {75.430 96.760}
gui_zoom -window [gui_get_current_window -types Layout -view] -factor 0.5 -at_point {75.430 94.715}
gui_zoom -window [gui_get_current_window -types Layout -view] -factor 0.5 -at_point {75.430 94.715}
gui_zoom -window [gui_get_current_window -types Layout -view] -factor 0.5 -at_point {75.430 94.715}
gui_zoom -window [gui_get_current_window -types Layout -view] -factor 0.5 -at_point {75.430 94.715}
gui_zoom -window [gui_get_current_window -types Layout -view] -factor 2 -at_point {70.515 80.785}
gui_zoom -window [gui_get_current_window -types Layout -view] -factor 2 -at_point {70.515 80.785}
gui_zoom -window [gui_get_current_window -types Layout -view] -factor 2 -at_point {108.405 74.645}
gui_zoom -window [gui_get_current_window -types Layout -view] -factor 2 -at_point {108.425 74.695}
gui_zoom -window [gui_get_current_window -types Layout -view] -factor 0.5 -at_point {107.065 74.585}
gui_zoom -window [gui_get_current_window -types Layout -view] -factor 0.5 -at_point {107.035 74.585}
gui_zoom -window [gui_get_current_window -types Layout -view] -factor 0.5 -at_point {34.675 42.900}
gui_zoom -window [gui_get_current_window -types Layout -view] -factor 0.5 -at_point {34.060 43.105}
gui_zoom -window [gui_get_current_window -types Layout -view] -factor 2 -at_point {-10.585 1.325}
gui_zoom -window [gui_get_current_window -types Layout -view] -factor 2 -at_point {-11.400 -0.310}
gui_zoom -window [gui_get_current_window -types Layout -view] -factor 2 -at_point {-11.605 -0.720}
gui_zoom -window [gui_get_current_window -types Layout -view] -factor 2 -at_point {-11.610 -0.415}
gui_zoom -window [gui_get_current_window -types Layout -view] -factor 2 -at_point {-11.615 -0.215}
gui_zoom -window [gui_get_current_window -types Layout -view] -factor 2 -at_point {-8.140 2.280}
gui_zoom -window [gui_get_current_window -types Layout -view] -factor 0.5 -at_point {-3.325 4.600}
gui_zoom -window [gui_get_current_window -types Layout -view] -factor 0.5 -at_point {-3.335 4.595}
gui_zoom -window [gui_get_current_window -types Layout -view] -factor 0.5 -at_point {-3.265 4.585}
gui_zoom -window [gui_get_current_window -types Layout -view] -factor 0.5 -at_point {-3.275 4.580}
gui_zoom -window [gui_get_current_window -types Layout -view] -factor 0.5 -at_point {-2.595 4.600}
gui_zoom -window [gui_get_current_window -types Layout -view] -factor 0.5 -at_point {-1.980 4.600}
gui_zoom -window [gui_get_current_window -types Layout -view] -factor 0.5 -at_point {56.590 65.220}
gui_zoom -window [gui_get_current_window -types Layout -view] -factor 0.5 -at_point {56.590 65.220}
gui_zoom -window [gui_get_current_window -types Layout -view] -factor 2 -at_point {68.875 77.510}
gui_zoom -window [gui_get_current_window -types Layout -view] -factor 2 -at_point {68.875 77.510}
sh mkdir -p ../results/reports
sh mkdir -p ../results/outputs
#######################################################################
# --------------- Reports ------------- #
#######################################################################
report_qor                  > ../results/reports/qor.rpt
report_utilization          > ../results/reports/utilization_default.rpt
get_placement_blockages     > ../results/reports/blockage.rpt
#######################################################################
# --------------- Save Block ------------- #
#######################################################################
save_block -as ${design}_${current_stage} ${design}.dlib:${design}_${current_stage}.design
gui_zoom -window [gui_get_current_window -types Layout -view] -factor 0.5 -at_point {-46.220 9.105}
gui_zoom -window [gui_get_current_window -types Layout -view] -factor 0.5 -at_point {-76.120 9.105}
gui_zoom -window [gui_get_current_window -types Layout -view] -factor 0.5 -at_point {-135.920 8.700}
gui_zoom -window [gui_get_current_window -view] -full
